### id=20260930T042944Z_results_0253 started=2026-09-30T04:30:09Z request: results
[2026-08-31T12:37:20Z] [g7c_liquidity_pivot] g7c_l_pcrt_lock60 OK (224s, 22 trades, 88G free)
[2026-08-31T12:40:56Z] [g7c_liquidity_pivot] g7c_l_pcrt_lock70 OK (216s, 22 trades, 88G free)
[2026-08-31T12:44:31Z] [g7c_liquidity_pivot] g7c_l_pcrt_lock80 OK (215s, 22 trades, 88G free)
[2026-08-31T12:48:04Z] [g7c_liquidity_pivot] g7c_l_pcrt_lock85 OK (213s, 22 trades, 88G free)
[2026-08-31T12:51:43Z] [g7c_liquidity_pivot] g7c_l_pcrt_lock90 OK (219s, 22 trades, 88G free)
[2026-08-31T13:04:12Z] [g8e_liq_entry] g8e_dist40 OK (228s, 20 trades, 88G free)
[2026-08-31T13:07:50Z] [g8e_liq_entry] g8e_dist35 OK (218s, 20 trades, 88G free)
[2026-08-31T13:11:23Z] [g8e_liq_entry] g8e_width25 OK (213s, 25 trades, 88G free)
[2026-08-31T13:15:00Z] [g8e_liq_entry] g8e_width20 OK (217s, 24 trades, 88G free)
[2026-08-31T13:18:38Z] [g8e_liq_entry] g8e_both OK (218s, 22 trades, 88G free)
[2026-08-31T13:22:20Z] [g7d_liquidity_arm] g7d_l_pcrt_arm30 OK (212s, 22 trades, 88G free)
[2026-08-31T13:25:57Z] [g7d_liquidity_arm] g7d_l_pcrt_arm40 OK (217s, 22 trades, 88G free)
[2026-08-31T13:29:28Z] [g7d_liquidity_arm] g7d_l_pcrt_arm50 OK (211s, 22 trades, 88G free)
[2026-08-31T13:33:00Z] [g7d_liquidity_arm] g7d_l_pcrt_arm60 OK (212s, 22 trades, 88G free)
[2026-08-31T13:36:34Z] [g7d_liquidity_arm] g7d_l_pcrt_arm70 OK (214s, 22 trades, 88G free)
[2026-09-01T07:53:03Z] [smoketest] smoke1 OK (2517s, 47 trades, 87G free)
[2026-09-01T14:37:43Z] [mom1b] m1_base_vwap OK (376s, 16 trades, 87G free)
[2026-09-01T15:00:04Z] [mom1b] m1_base_ema HAD SHARD FAILURES (1341s, 43 trades, 86G free)
[2026-09-01T15:06:20Z] [mom1b] m1_vwap_n1 OK (376s, 15 trades, 86G free)
[2026-09-01T15:13:02Z] [mom1b] m1_vwap_n5 OK (402s, 10 trades, 86G free)
[2026-09-01T15:37:11Z] [mom1b] m1_ema_n1 OK (1449s, 12 trades, 86G free)
[2026-09-01T16:00:55Z] [mom1b] m1_ema_n5 OK (1424s, 1 trades, 86G free)
[2026-09-01T16:24:54Z] [mom1b] m1_emapcr_n1 OK (1439s, 7 trades, 86G free)
[2026-09-01T16:49:09Z] [mom1b] m1_emapcr_n5 OK (1455s, 1 trades, 86G free)
[2026-09-01T17:13:25Z] [mom1b] m1_base_orb OK (1456s, 44 trades, 86G free)
[2026-09-01T17:37:43Z] [mom1b] m1_base_oi OK (1458s, 45 trades, 86G free)
[2026-09-01T18:02:35Z] [mom1b] m1_orb_n1 OK (1492s, 40 trades, 86G free)
[2026-09-01T18:27:20Z] [mom1b] m1_orb_n5 OK (1485s, 35 trades, 86G free)
[2026-09-01T18:52:24Z] [mom1b] m1_oi_n1 OK (1504s, 14 trades, 86G free)
[2026-09-01T19:17:36Z] [mom1b] m1_oi_n5 OK (1512s, 4 trades, 86G free)
[2026-09-01T19:42:40Z] [mom1liq] m1_liq_n1 OK (1504s, 22 trades, 86G free)
[2026-09-01T20:07:46Z] [mom1liq] m1_liq_n5 OK (1506s, 0 trades, 86G free)
[2026-09-01T20:41:38Z] [mom2] m2_vwap_full_off OK (405s, 15 trades, 86G free)
[2026-09-01T20:48:15Z] [mom2] m2_vwap_full_n1 OK (397s, 15 trades, 86G free)
[2026-09-01T20:54:55Z] [mom2] m2_vwap_full_n2 OK (400s, 15 trades, 86G free)
[2026-09-01T21:01:33Z] [mom2] m2_vwap_nopcr_off OK (398s, 16 trades, 86G free)
[2026-09-01T21:08:05Z] [mom2] m2_vwap_nopcr_n1 OK (392s, 16 trades, 86G free)
[2026-09-01T21:14:43Z] [mom2] m2_vwap_nopcr_n2 OK (398s, 16 trades, 86G free)
[2026-09-01T21:21:17Z] [mom2] m2_vwap_base_off OK (394s, 16 trades, 86G free)
[2026-09-01T21:27:50Z] [mom2] m2_vwap_base_n1 OK (393s, 16 trades, 86G free)
[2026-09-01T21:34:28Z] [mom2] m2_vwap_base_n2 OK (398s, 16 trades, 86G free)
[2026-09-01T21:59:15Z] [mom2] m2_ema_full_off OK (1487s, 12 trades, 86G free)
[2026-09-01T22:24:10Z] [mom2] m2_ema_full_n1 OK (1495s, 12 trades, 86G free)
[2026-09-01T22:49:00Z] [mom2] m2_ema_full_n2 OK (1490s, 11 trades, 86G free)
[2026-09-01T23:14:06Z] [mom2] m2_ema_base_off OK (1506s, 47 trades, 86G free)
[2026-09-01T23:39:15Z] [mom2] m2_ema_base_n1 OK (1509s, 47 trades, 86G free)
[2026-09-02T00:04:16Z] [mom2] m2_ema_base_n2 OK (1501s, 47 trades, 86G free)
[2026-09-02T00:33:29Z] [mom3] m3_orb_base_n1 OK (1499s, 44 trades, 86G free)
[2026-09-02T00:58:23Z] [mom3] m3_orb_base_n2 OK (1494s, 44 trades, 86G free)
[2026-09-02T01:23:22Z] [mom3] m3_orb_base_n4 OK (1499s, 43 trades, 86G free)
[2026-09-02T01:48:36Z] [mom3] m3_orb_base_n5 OK (1514s, 39 trades, 86G free)
[2026-09-02T02:13:40Z] [mom3] m3_orb_base_n6 OK (1504s, 33 trades, 86G free)
[2026-09-02T02:39:09Z] [mom3] m3_orb_base_n8 OK (1529s, 13 trades, 86G free)
[2026-09-02T03:05:28Z] [mom3] m3_orb_base_n10 OK (1579s, 7 trades, 86G free)
[2026-09-02T03:31:48Z] [mom3] m3_orb_base_n15 OK (1580s, 0 trades, 86G free)
[2026-09-02T04:11:29Z] [mom3] m3_oi_base_n1 OK (2381s, 45 trades, 86G free)
[2026-09-02T04:52:24Z] [mom3] m3_oi_base_n2 OK (2455s, 42 trades, 86G free)
[2026-09-02T05:33:18Z] [mom3] m3_oi_base_n3 OK (2454s, 36 trades, 86G free)
[2026-09-02T18:34:05Z] [mom4] m4_orb_full_off OK (1477s, 40 trades, 85G free)
[2026-09-02T18:59:28Z] [mom4] m4_orb_full_n1 OK (1523s, 40 trades, 85G free)
[2026-09-02T19:24:42Z] [mom4] m4_orb_full_n2 OK (1514s, 40 trades, 85G free)
[2026-09-02T19:50:09Z] [mom4] m4_orb_full_n3 OK (1527s, 40 trades, 85G free)
[2026-09-02T20:15:31Z] [mom4] m4_orb_full_n4 OK (1522s, 38 trades, 85G free)
[2026-09-02T20:41:02Z] [mom4] m4_orb_full_n5 OK (1531s, 35 trades, 85G free)
[2026-09-02T21:06:24Z] [mom4] m4_orb_full_n6 OK (1522s, 27 trades, 85G free)
[2026-09-02T21:32:10Z] [mom4] m4_orb_full_n8 OK (1546s, 9 trades, 85G free)
[2026-09-02T21:57:59Z] [mom4] m4_orb_full_n10 OK (1549s, 5 trades, 85G free)
[2026-09-02T22:23:07Z] [mom4] m4_oi_full_off OK (1508s, 14 trades, 85G free)
[2026-09-02T22:47:57Z] [mom4] m4_oi_full_n1 OK (1490s, 14 trades, 85G free)
[2026-09-02T23:12:35Z] [mom4] m4_oi_full_n2 OK (1478s, 10 trades, 85G free)
[2026-09-02T23:37:21Z] [mom4] m4_oi_full_n3 OK (1486s, 8 trades, 85G free)
[2026-09-03T00:02:09Z] [mom4] m4_oi_full_n4 OK (1488s, 5 trades, 85G free)
[2026-09-03T00:27:06Z] [mom4] m4_oi_full_n5 OK (1497s, 4 trades, 85G free)
[2026-09-03T16:08:06Z] [p10] p10_orb_slope OK (1506s, 44 trades, 85G free)
[2026-09-03T16:33:17Z] [p10] p10_orb_rsi OK (1511s, 44 trades, 85G free)
[2026-09-03T16:58:52Z] [p10] p10_orb_bothor OK (1535s, 44 trades, 85G free)
[2026-09-03T17:24:03Z] [p10] p10_orb_bothand OK (1511s, 44 trades, 85G free)
[2026-09-03T17:49:57Z] [p10] p10_orbconv_slope OK (1554s, 40 trades, 85G free)
[2026-09-03T18:15:38Z] [p10] p10_orbconv_rsi OK (1541s, 40 trades, 85G free)
[2026-09-03T18:41:48Z] [p10] p10_orbconv_bothor OK (1570s, 40 trades, 85G free)
[2026-09-03T19:08:17Z] [p10] p10_orbconv_bothand OK (1589s, 40 trades, 85G free)
[2026-09-03T19:34:18Z] [p10] p10_oi_slope OK (1561s, 45 trades, 85G free)
[2026-09-03T20:00:34Z] [p10] p10_oi_rsi OK (1576s, 45 trades, 85G free)
[2026-09-03T21:01:12Z] [p10b] p10_orb_slope OK (1585s, 44 trades, 85G free)
[2026-09-03T21:28:21Z] [p10b] p10_orb_rsi OK (1629s, 44 trades, 85G free)
[2026-09-03T21:44:08Z] [p10c]  HAD SHARD FAILURES (3s, 0 trades, 85G free)
[2026-09-03T21:50:59Z] [p10c] p10c_vwap_off OK (411s, 16 trades, 85G free)
[2026-09-03T21:57:51Z] [p10c] p10c_vwap_slope OK (412s, 16 trades, 85G free)
[2026-09-03T22:04:39Z] [p10c] p10c_vwap_slopelb10 OK (408s, 16 trades, 85G free)
[2026-09-03T22:11:29Z] [p10c] p10c_vwapconv_off OK (410s, 16 trades, 85G free)
[2026-09-03T22:18:15Z] [p10c] p10c_vwapconv_slope OK (406s, 16 trades, 85G free)
[2026-09-03T22:24:58Z] [p10c] p10c_vwapconv_slopelb10 OK (403s, 16 trades, 85G free)
[2026-09-03T22:50:45Z] [p10c] p10c_ema_off OK (1547s, 47 trades, 85G free)
[2026-09-03T23:16:43Z] [p10c] p10c_ema_slope OK (1558s, 47 trades, 85G free)
[2026-09-03T23:42:42Z] [p10c] p10c_ema_slopelb10 OK (1559s, 47 trades, 85G free)
[2026-09-04T00:09:02Z] [p10c] p10c_emaconv_off OK (1580s, 47 trades, 85G free)
[2026-09-04T00:35:06Z] [p10c] p10c_emaconv_slope OK (1564s, 47 trades, 85G free)
[2026-09-04T01:01:04Z] [p10c] p10c_emaconv_slopelb10 OK (1558s, 47 trades, 85G free)
[2026-09-04T01:27:06Z] [p10c] p10c_orb_off OK (1562s, 44 trades, 85G free)
[2026-09-04T01:53:24Z] [p10c] p10c_orb_slope OK (1578s, 44 trades, 85G free)
[2026-09-04T02:19:36Z] [p10c] p10c_orb_slopelb10 OK (1572s, 44 trades, 85G free)
[2026-09-04T02:45:52Z] [p10c] p10c_orbconv_off OK (1576s, 40 trades, 85G free)
[2026-09-04T03:12:13Z] [p10c] p10c_orbconv_slope OK (1581s, 40 trades, 85G free)
[2026-09-04T03:42:45Z] [p10c] p10c_orbconv_slopelb10 OK (1832s, 40 trades, 85G free)
[2026-09-04T04:23:52Z] [p10c] p10c_oi_off OK (2467s, 45 trades, 85G free)
[2026-09-04T05:05:25Z] [p10c] p10c_oi_slope OK (2493s, 45 trades, 85G free)
[2026-09-04T05:47:22Z] [p10c] p10c_oi_slopelb10 OK (2517s, 45 trades, 85G free)
[2026-09-04T06:29:47Z] [p10c] p10c_oiconv_off OK (2545s, 18 trades, 85G free)
[2026-09-04T07:11:46Z] [p10c] p10c_oiconv_slope OK (2519s, 18 trades, 85G free)
[2026-09-04T07:54:02Z] [p10c] p10c_oiconv_slopelb10 OK (2536s, 18 trades, 85G free)
[2026-09-04T13:44:40Z] [p11] p11_control OK (392s, 16 trades, 84G free)
[2026-09-04T13:51:14Z] [p11] p11_scalp_t4_sl50 OK (394s, 16 trades, 84G free)
[2026-09-04T13:57:46Z] [p11] p11_scalp_t4_sl100 OK (392s, 16 trades, 84G free)
[2026-09-04T14:04:19Z] [p11] p11_scalp_t4_sl150 OK (393s, 16 trades, 84G free)
[2026-09-04T14:10:51Z] [p11] p11_scalp_t5_sl50 OK (392s, 16 trades, 84G free)
[2026-09-04T14:17:23Z] [p11] p11_scalp_t5_sl100 OK (392s, 16 trades, 84G free)
[2026-09-04T14:24:14Z] [p11] p11_scalp_t5_sl150 OK (411s, 16 trades, 84G free)
[2026-09-04T14:30:46Z] [p11] p11_scalp_t6_sl50 OK (392s, 16 trades, 84G free)
[2026-09-04T14:37:11Z] [p11] p11_scalp_t6_sl100 OK (385s, 16 trades, 84G free)
[2026-09-04T14:43:38Z] [p11] p11_scalp_t6_sl150 OK (387s, 16 trades, 84G free)
[2026-09-04T14:50:07Z] [p11] p11_scalp_t7_sl50 OK (389s, 16 trades, 84G free)
[2026-09-04T14:56:33Z] [p11] p11_scalp_t7_sl100 OK (386s, 16 trades, 84G free)
[2026-09-04T15:03:01Z] [p11] p11_scalp_t7_sl150 OK (387s, 16 trades, 84G free)
[2026-09-04T15:09:31Z] [p11] p11_scalp_t8_sl50 OK (390s, 16 trades, 84G free)
[2026-09-04T15:16:03Z] [p11] p11_scalp_t8_sl100 OK (392s, 16 trades, 84G free)
[2026-09-04T15:22:32Z] [p11] p11_scalp_t8_sl150 OK (389s, 16 trades, 84G free)
[2026-09-04T15:29:09Z] [p11] p11_scalp_t9_sl50 OK (397s, 16 trades, 84G free)
[2026-09-04T15:35:55Z] [p11] p11_scalp_t9_sl100 OK (406s, 16 trades, 84G free)
[2026-09-04T15:42:39Z] [p11] p11_scalp_t9_sl150 OK (404s, 16 trades, 84G free)
[2026-09-04T15:49:19Z] [p11] p11_scalp_t10_sl50 OK (400s, 16 trades, 84G free)
[2026-09-04T15:56:00Z] [p11] p11_scalp_t10_sl100 OK (401s, 16 trades, 84G free)
[2026-09-04T16:02:34Z] [p11] p11_scalp_t10_sl150 OK (394s, 16 trades, 84G free)
[2026-09-04T18:45:31Z] [p12_smoke] ema_control OK (407s, 16 trades, 84G free)
[2026-09-04T18:52:16Z] [p12_smoke] ema_scalp_t5_sl100 OK (405s, 16 trades, 84G free)
[2026-09-04T18:59:01Z] [p12_smoke] ema_scalp_t7_sl150 OK (405s, 16 trades, 84G free)
[2026-09-04T19:05:48Z] [p12_smoke] oi_control OK (407s, 16 trades, 84G free)
[2026-09-04T19:12:32Z] [p12_smoke] oi_scalp_t5_sl100 OK (404s, 16 trades, 84G free)
[2026-09-04T19:19:16Z] [p12_smoke] oi_scalp_t7_sl150 OK (404s, 16 trades, 84G free)
[2026-09-04T20:32:40Z] [p12] ema_control OK (405s, 16 trades, 84G free)
[2026-09-04T20:39:22Z] [p12] ema_t4_sl50 OK (402s, 16 trades, 84G free)
[2026-09-04T20:46:05Z] [p12] ema_t4_sl100 OK (403s, 16 trades, 84G free)
[2026-09-04T20:52:46Z] [p12] ema_t4_sl150 OK (401s, 16 trades, 84G free)
[2026-09-04T20:59:26Z] [p12] ema_t4_sl200 OK (400s, 16 trades, 84G free)
[2026-09-04T21:06:12Z] [p12] ema_t6_sl50 OK (406s, 16 trades, 84G free)
[2026-09-04T21:12:54Z] [p12] ema_t6_sl100 OK (402s, 16 trades, 84G free)
[2026-09-04T21:19:40Z] [p12] ema_t6_sl150 OK (406s, 16 trades, 84G free)
[2026-09-04T21:26:21Z] [p12] ema_t6_sl200 OK (401s, 16 trades, 84G free)
[2026-09-04T21:33:04Z] [p12] ema_t8_sl50 OK (403s, 16 trades, 84G free)
[2026-09-04T21:39:44Z] [p12] ema_t8_sl100 OK (400s, 16 trades, 84G free)
[2026-09-04T21:46:23Z] [p12] ema_t8_sl150 OK (399s, 16 trades, 84G free)
[2026-09-04T21:53:06Z] [p12] ema_t8_sl200 OK (402s, 16 trades, 84G free)
[2026-09-04T21:59:45Z] [p12] ema_t10_sl50 OK (399s, 16 trades, 84G free)
[2026-09-04T22:06:30Z] [p12] ema_t10_sl100 OK (405s, 16 trades, 84G free)
[2026-09-04T22:13:12Z] [p12] ema_t10_sl150 OK (402s, 16 trades, 84G free)
[2026-09-04T22:19:54Z] [p12] ema_t10_sl200 OK (402s, 16 trades, 84G free)
[2026-09-04T22:26:40Z] [p12] ema_t12_sl50 OK (406s, 16 trades, 84G free)
[2026-09-04T22:33:22Z] [p12] ema_t12_sl100 OK (402s, 16 trades, 84G free)
[2026-09-04T22:40:09Z] [p12] ema_t12_sl150 OK (407s, 16 trades, 84G free)
[2026-09-04T22:46:51Z] [p12] ema_t12_sl200 OK (402s, 16 trades, 84G free)
[2026-09-04T22:53:31Z] [p12] oi_control OK (400s, 16 trades, 84G free)
[2026-09-04T23:00:12Z] [p12] oi_t4_sl50 OK (401s, 16 trades, 84G free)
[2026-09-04T23:06:53Z] [p12] oi_t4_sl100 OK (401s, 16 trades, 84G free)
[2026-09-04T23:13:33Z] [p12] oi_t4_sl150 OK (400s, 16 trades, 84G free)
[2026-09-04T23:20:17Z] [p12] oi_t4_sl200 OK (404s, 16 trades, 84G free)
[2026-09-04T23:27:00Z] [p12] oi_t6_sl50 OK (403s, 16 trades, 84G free)
[2026-09-04T23:33:41Z] [p12] oi_t6_sl100 OK (401s, 16 trades, 84G free)
[2026-09-04T23:40:24Z] [p12] oi_t6_sl150 OK (403s, 16 trades, 84G free)
[2026-09-04T23:47:05Z] [p12] oi_t6_sl200 OK (401s, 16 trades, 84G free)
[2026-09-04T23:53:46Z] [p12] oi_t8_sl50 OK (401s, 16 trades, 84G free)
[2026-09-05T00:00:25Z] [p12] oi_t8_sl100 OK (399s, 16 trades, 84G free)
[2026-09-05T00:07:01Z] [p12] oi_t8_sl150 OK (396s, 16 trades, 84G free)
[2026-09-05T00:13:38Z] [p12] oi_t8_sl200 OK (397s, 16 trades, 84G free)
[2026-09-05T00:20:16Z] [p12] oi_t10_sl50 OK (398s, 16 trades, 84G free)
[2026-09-05T00:27:00Z] [p12] oi_t10_sl100 OK (404s, 16 trades, 84G free)
[2026-09-05T00:33:41Z] [p12] oi_t10_sl150 OK (401s, 16 trades, 84G free)
[2026-09-05T00:40:25Z] [p12] oi_t10_sl200 OK (404s, 16 trades, 84G free)
[2026-09-05T00:47:05Z] [p12] oi_t12_sl50 OK (400s, 16 trades, 84G free)
[2026-09-05T00:53:46Z] [p12] oi_t12_sl100 OK (401s, 16 trades, 84G free)
[2026-09-05T01:00:27Z] [p12] oi_t12_sl150 OK (401s, 16 trades, 84G free)
[2026-09-05T01:07:10Z] [p12] oi_t12_sl200 OK (403s, 16 trades, 84G free)
[2026-09-06T10:28:09Z] [p14] c_orb_target OK (1557s, 40 trades, 83G free)
[2026-09-06T10:53:55Z] [p14] c_oi_core OK (1546s, 18 trades, 83G free)
[2026-09-06T11:19:35Z] [p14] c_oi_runner OK (1540s, 18 trades, 83G free)
[2026-09-06T11:45:18Z] [p14] c_oi_wide OK (1543s, 18 trades, 83G free)
[2026-09-06T12:11:04Z] [p14] c_ema_core OK (1546s, 47 trades, 83G free)
[2026-09-06T12:36:31Z] [p14] c_ema_runner OK (1527s, 47 trades, 83G free)
[2026-09-06T13:02:10Z] [p14] c_ema_tight OK (1539s, 47 trades, 83G free)
[2026-09-06T13:28:04Z] [p14] g_orb_s14_r15 OK (1554s, 40 trades, 83G free)
[2026-09-06T13:53:58Z] [p14] g_orb_s14_r20 OK (1554s, 40 trades, 83G free)
[2026-09-06T14:19:55Z] [p14] g_orb_s14_r25 OK (1557s, 40 trades, 83G free)
[2026-09-06T14:45:44Z] [p14] g_orb_s14_r30 OK (1549s, 40 trades, 83G free)
[2026-09-06T15:11:38Z] [p14] g_orb_s18_r15 OK (1554s, 40 trades, 83G free)
[2026-09-06T15:37:11Z] [p14] g_orb_s18_r20 OK (1533s, 40 trades, 83G free)
[2026-09-06T16:02:50Z] [p14] g_orb_s18_r25 OK (1539s, 40 trades, 83G free)
[2026-09-06T16:28:37Z] [p14] g_orb_s18_r30 OK (1547s, 40 trades, 83G free)
[2026-09-06T16:54:26Z] [p14] g_orb_s22_r15 OK (1549s, 40 trades, 83G free)
[2026-09-06T17:20:16Z] [p14] g_orb_s22_r20 OK (1550s, 40 trades, 83G free)
[2026-09-06T17:45:50Z] [p14] g_orb_s22_r25 OK (1534s, 40 trades, 83G free)
[2026-09-06T18:11:06Z] [p14] g_orb_s22_r30 OK (1516s, 40 trades, 83G free)
[2026-09-06T18:37:03Z] [p14] g_oi_s08_r15 OK (1557s, 18 trades, 83G free)
[2026-09-06T19:03:05Z] [p14] g_oi_s08_r20 OK (1562s, 18 trades, 83G free)
[2026-09-06T19:29:02Z] [p14] g_oi_s08_r25 OK (1557s, 18 trades, 83G free)
[2026-09-06T19:54:55Z] [p14] g_oi_s08_r30 OK (1553s, 18 trades, 83G free)
[2026-09-06T20:21:08Z] [p14] g_oi_s11_r15 OK (1573s, 18 trades, 83G free)
[2026-09-06T20:47:10Z] [p14] g_oi_s11_r20 OK (1562s, 18 trades, 83G free)
[2026-09-06T21:13:11Z] [p14] g_oi_s11_r25 OK (1561s, 18 trades, 83G free)
[2026-09-06T21:39:36Z] [p14] g_oi_s11_r30 OK (1585s, 18 trades, 83G free)
[2026-09-06T22:05:53Z] [p14] g_oi_s15_r15 OK (1577s, 18 trades, 83G free)
[2026-09-06T22:31:53Z] [p14] g_oi_s15_r20 OK (1560s, 18 trades, 83G free)
[2026-09-06T22:57:39Z] [p14] g_oi_s15_r25 OK (1546s, 18 trades, 83G free)
[2026-09-06T23:23:35Z] [p14] g_oi_s15_r30 OK (1556s, 18 trades, 83G free)
[2026-09-06T23:49:35Z] [p14] g_ema_s06_r15 OK (1560s, 47 trades, 83G free)
[2026-09-07T00:15:41Z] [p14] g_ema_s06_r20 OK (1566s, 47 trades, 83G free)
[2026-09-07T00:41:49Z] [p14] g_ema_s06_r25 OK (1568s, 47 trades, 83G free)
[2026-09-07T01:08:04Z] [p14] g_ema_s06_r30 OK (1575s, 47 trades, 83G free)
[2026-09-07T01:34:17Z] [p14] g_ema_s08_r15 OK (1573s, 47 trades, 83G free)
[2026-09-07T02:00:46Z] [p14] g_ema_s08_r20 OK (1589s, 47 trades, 83G free)
[2026-09-07T02:26:51Z] [p14] g_ema_s08_r25 OK (1565s, 47 trades, 83G free)
[2026-09-07T02:53:22Z] [p14] g_ema_s08_r30 OK (1591s, 47 trades, 83G free)
[2026-09-07T03:19:52Z] [p14] g_ema_s10_r15 OK (1590s, 47 trades, 83G free)
[2026-09-07T03:55:17Z] [p14] g_ema_s10_r20 OK (2125s, 47 trades, 83G free)
[2026-09-07T04:36:57Z] [p14] g_ema_s10_r25 OK (2500s, 47 trades, 83G free)
[2026-09-07T05:18:44Z] [p14] g_ema_s10_r30 OK (2507s, 47 trades, 83G free)
[2026-09-07T05:29:43Z] [p14] g_vwap_s08_r15 OK (659s, 16 trades, 83G free)
[2026-09-07T05:40:43Z] [p14] g_vwap_s08_r20 OK (660s, 16 trades, 83G free)
[2026-09-07T05:51:38Z] [p14] g_vwap_s08_r25 OK (655s, 16 trades, 83G free)
[2026-09-07T06:02:36Z] [p14] g_vwap_s08_r30 OK (658s, 16 trades, 83G free)
[2026-09-07T06:13:32Z] [p14] g_vwap_s10_r15 OK (656s, 16 trades, 83G free)
[2026-09-07T06:24:34Z] [p14] g_vwap_s10_r20 OK (662s, 16 trades, 83G free)
[2026-09-07T06:35:37Z] [p14] g_vwap_s10_r25 OK (663s, 16 trades, 83G free)
[2026-09-07T06:46:46Z] [p14] g_vwap_s10_r30 OK (669s, 16 trades, 83G free)
[2026-09-07T06:57:55Z] [p14] g_vwap_s13_r15 OK (669s, 16 trades, 83G free)
[2026-09-07T07:09:00Z] [p14] g_vwap_s13_r20 OK (665s, 16 trades, 83G free)
[2026-09-07T07:19:59Z] [p14] g_vwap_s13_r25 OK (659s, 16 trades, 83G free)
[2026-09-07T07:30:59Z] [p14] g_vwap_s13_r30 OK (660s, 16 trades, 83G free)
[2026-09-07T09:34:45Z] [p15] OI-C0 OK (2520s, 45 trades, 83G free)
[2026-09-07T10:10:03Z] [p15] OI-R20 OK (2118s, 45 trades, 83G free)
[2026-09-07T10:35:37Z] [p15] OI-R25 OK (1534s, 45 trades, 83G free)
[2026-09-07T11:01:19Z] [p15] OI-R30 OK (1542s, 45 trades, 83G free)
[2026-09-07T11:27:00Z] [p15] OI-R65 OK (1541s, 43 trades, 83G free)
[2026-09-07T11:52:33Z] [p15] OI-R70 OK (1533s, 43 trades, 83G free)
[2026-09-07T12:17:59Z] [p15] OI-R2570 OK (1526s, 43 trades, 83G free)
[2026-09-07T12:44:03Z] [p15] OI-B OK (1564s, 34 trades, 83G free)
[2026-09-07T13:09:56Z] [p15] OI-RB OK (1553s, 30 trades, 83G free)
[2026-09-07T13:36:13Z] [p15] OIC-C0 OK (1577s, 18 trades, 83G free)
[2026-09-07T14:02:05Z] [p15] OIC-R20 OK (1552s, 18 trades, 83G free)
[2026-09-07T14:28:05Z] [p15] OIC-R25 OK (1560s, 17 trades, 83G free)
[2026-09-07T14:53:58Z] [p15] OIC-R30 OK (1553s, 15 trades, 83G free)
[2026-09-07T15:19:43Z] [p15] OIC-R65 OK (1544s, 12 trades, 83G free)
[2026-09-07T15:45:37Z] [p15] OIC-R70 OK (1554s, 14 trades, 83G free)
[2026-09-07T16:11:27Z] [p15] OIC-R2570 OK (1550s, 13 trades, 83G free)
[2026-09-07T16:37:14Z] [p15] OIC-B OK (1547s, 5 trades, 83G free)
[2026-09-07T17:03:26Z] [p15] OIC-RB OK (1572s, 1 trades, 83G free)
[2026-09-07T17:29:18Z] [p15] ORB-C0 OK (1552s, 44 trades, 83G free)
[2026-09-07T17:54:52Z] [p15] ORB-R2575 OK (1534s, 44 trades, 83G free)
[2026-09-07T18:20:46Z] [p15] ORB-R3070 OK (1554s, 44 trades, 83G free)
[2026-09-07T18:47:07Z] [p15] ORB-B OK (1581s, 44 trades, 83G free)
[2026-09-07T19:13:40Z] [p15] ORB-RB OK (1593s, 44 trades, 83G free)
[2026-09-07T19:40:24Z] [p15] ORBC-C0 OK (1604s, 40 trades, 83G free)
[2026-09-07T20:06:50Z] [p15] ORBC-R2575 OK (1585s, 40 trades, 83G free)
[2026-09-07T20:33:16Z] [p15] ORBC-B OK (1586s, 40 trades, 83G free)
[2026-09-07T20:59:40Z] [p15] ORBC-RB OK (1584s, 39 trades, 83G free)
[2026-09-07T23:59:05Z] [p16] ORB-C0 OK (1583s, 44 trades, 83G free)
[2026-09-08T00:25:33Z] [p16] ORB-D1 OK (1588s, 44 trades, 83G free)
[2026-09-08T00:51:42Z] [p16] ORB-D3 OK (1569s, 44 trades, 83G free)
[2026-09-08T01:17:51Z] [p16] OI-C0 OK (1569s, 45 trades, 83G free)
[2026-09-08T01:43:57Z] [p16] OI-D1 OK (1566s, 45 trades, 83G free)
[2026-09-08T02:10:01Z] [p16] OI-D3 OK (1564s, 45 trades, 83G free)
[2026-09-08T02:36:14Z] [p16] EMA-C0 OK (1573s, 47 trades, 83G free)
[2026-09-08T03:02:22Z] [p16] EMA-D1 OK (1568s, 47 trades, 83G free)
[2026-09-08T05:27:32Z] [p18s] VW-N1-FIX OK (2308s, 16 trades, 83G free)
[2026-09-08T05:37:40Z] [p18s] VW-N1-OLD OK (608s, 16 trades, 83G free)
[2026-09-08T10:28:10Z] [p17] OC-C0 OK (1556s, 39 trades, 82G free)
[2026-09-08T10:54:20Z] [p17] OC-NW1 OK (1570s, 39 trades, 82G free)
[2026-09-08T11:20:13Z] [p17] OC-NW2 OK (1553s, 39 trades, 82G free)
[2026-09-08T11:46:22Z] [p17] OW-55 OK (1569s, 32 trades, 82G free)
[2026-09-08T12:12:11Z] [p17] OW-75 OK (1549s, 41 trades, 82G free)
[2026-09-08T12:37:53Z] [p17] OW-85 OK (1542s, 45 trades, 82G free)
[2026-09-08T14:45:36Z] [p18b0] OW-70 OK (1538s, 40 trades, 82G free)
[2026-09-08T15:11:17Z] [p18b0] OW-80 OK (1541s, 43 trades, 82G free)
[2026-09-08T15:36:24Z] [p18b0] B0-L20-R05-M15 OK (1507s, 47 trades, 82G free)
[2026-09-08T16:01:31Z] [p18b0] B0-L20-R05-M30 OK (1507s, 47 trades, 82G free)
[2026-09-08T16:26:41Z] [p18b0] B0-L30-R05-M15 OK (1510s, 47 trades, 82G free)
[2026-09-08T16:51:52Z] [p18b0] B0-L30-R05-M30 OK (1511s, 47 trades, 82G free)
[2026-09-08T17:16:55Z] [p18b0] B0-L45-R05-M15 OK (1503s, 47 trades, 82G free)
[2026-09-08T17:41:54Z] [p18b0] B0-L45-R05-M30 OK (1499s, 47 trades, 82G free)
[2026-09-08T18:07:04Z] [p18b0] B0-L20-R10-M15 OK (1510s, 47 trades, 82G free)
[2026-09-08T18:32:07Z] [p18b0] B0-L30-R10-M15 OK (1503s, 47 trades, 82G free)
[2026-09-08T18:59:10Z] [p18b1] EX-W65-RIDE OK (1591s, 39 trades, 82G free)
[2026-09-08T19:25:38Z] [p18b1] EX-W65-CAP OK (1588s, 39 trades, 82G free)
[2026-09-08T19:51:57Z] [p18b1] EX-W70-RIDE OK (1579s, 40 trades, 82G free)
[2026-09-08T20:18:22Z] [p18b1] EX-W70-CAP OK (1585s, 40 trades, 82G free)
[2026-09-08T20:44:44Z] [p18b1] EX-W75-RIDE OK (1581s, 41 trades, 82G free)
[2026-09-08T21:10:53Z] [p18b1] EX-W75-CAP OK (1569s, 41 trades, 82G free)
[2026-09-08T21:37:26Z] [p18b2] X70-CTRL OK (1586s, 40 trades, 82G free)
[2026-09-08T22:03:43Z] [p18b2] X70-RIDE-L60 OK (1577s, 40 trades, 82G free)
[2026-09-08T22:30:05Z] [p18b2] X70-RIDE-L50 OK (1582s, 40 trades, 82G free)
[2026-09-08T22:56:25Z] [p18b2] X70-RIDE-L75 OK (1580s, 40 trades, 82G free)
[2026-09-08T23:22:42Z] [p18b2] X70-RIDE-S22 OK (1577s, 40 trades, 82G free)
[2026-09-08T23:49:08Z] [p18b2] X70-RIDE-S25 OK (1586s, 40 trades, 82G free)
[2026-09-09T00:15:40Z] [p18b2] X70-MID-T66 OK (1592s, 40 trades, 82G free)
[2026-09-09T00:42:07Z] [p18b2] X70-CAP-T50-L80 OK (1587s, 40 trades, 82G free)
[2026-09-09T01:08:29Z] [p18b2] X70-CAP-T50-L60 OK (1582s, 40 trades, 82G free)
[2026-09-09T13:00:12Z] [p18b3] X75-MID-T66 OK (1579s, 41 trades, 82G free)
[2026-09-09T13:26:30Z] [p18b3] X75-CAP-T50-L80 OK (1578s, 41 trades, 82G free)
[2026-09-09T13:52:54Z] [p18b3] X75-RIDE-L75 OK (1584s, 41 trades, 82G free)
[2026-09-09T14:19:12Z] [p18b3] X75-CAP-T50-L60 OK (1578s, 41 trades, 82G free)
[2026-09-09T14:45:13Z] [p18b3] X75-CTRL OK (1561s, 41 trades, 82G free)
[2026-09-09T15:11:12Z] [p18b3] X70-CTRL OK (1559s, 40 trades, 82G free)
[2026-09-10T17:51:29Z] [p19v] VB_CTRL OK (405s, 16 trades, 82G free)
[2026-09-10T17:58:17Z] [p19v] VB_ATR OK (408s, 16 trades, 82G free)
[2026-09-10T18:05:09Z] [p19v] VB_S15 OK (412s, 16 trades, 82G free)
[2026-09-10T18:12:03Z] [p19v] VC_N1 OK (414s, 15 trades, 82G free)
[2026-09-10T18:19:01Z] [p19v] VC_OFF OK (418s, 15 trades, 82G free)
[2026-09-10T18:25:49Z] [p19v] VC_BASE OK (408s, 16 trades, 82G free)
[2026-09-14T21:12:48Z] [p20_liqrevisit] l_control OK (1603s, 40 trades, 82G free)
[2026-09-14T21:39:27Z] [p20_liqrevisit] l_conv_control OK (1599s, 40 trades, 82G free)
[2026-09-14T22:06:13Z] [p20_liqrevisit] l_pcrt OK (1606s, 27 trades, 82G free)
[2026-09-14T22:49:56Z] [p21_liqdir] l_pcrt_dir_mid OK (1614s, 31 trades, 82G free)
[2026-09-14T23:16:47Z] [p21_liqdir] l_pcrt_dir_band OK (1611s, 38 trades, 82G free)
[2026-09-14T23:44:15Z] [p22_liqbands] l_pcrt_dir_wideband OK (1607s, 39 trades, 82G free)
[2026-09-15T00:11:11Z] [p22_liqbands] l_pcrt_dir_narrowband OK (1616s, 18 trades, 82G free)
[2026-09-15T00:37:54Z] [p22_liqbands] l_pcrt_dir_momentum_wide OK (1603s, 39 trades, 82G free)
[2026-09-15T01:04:37Z] [p22_liqbands] l_pcrt_dir_momentum_band OK (1603s, 19 trades, 82G free)
[2026-09-15T06:13:47Z] [p23_liqentry] narrowband_rsi OK (2468s, 2 trades, 82G free)
[2026-09-15T06:55:07Z] [p23_liqentry] narrowband_vixmin OK (2480s, 11 trades, 83G free)
[2026-09-15T07:37:28Z] [p23_liqentry] momentum_band_rsi OK (2541s, 0 trades, 83G free)
[2026-09-15T08:20:08Z] [p23_liqentry] momentum_band_vixmin OK (2560s, 14 trades, 83G free)
[2026-09-15T12:42:41Z] [p24_liqrsi] rsi_confirm OK (1587s, 22 trades, 83G free)
[2026-09-15T13:09:18Z] [p24_liqrsi] rsi_confirm_exhaust OK (1597s, 22 trades, 83G free)
[2026-09-15T13:36:45Z] [p24_liqrsi] rsi_reversal OK (1647s, 3 trades, 82G free)
[2026-09-15T14:03:25Z] [p24_liqrsi] rsi_reversal_exhaust OK (1600s, 3 trades, 82G free)
[2026-09-15T14:29:38Z] [p24_liqrsi] rsi_control OK (1573s, 40 trades, 82G free)
[2026-09-15T16:49:06Z] [p25_liqpcrexit] pcrnb_pcrexit_t1 OK (1548s, 18 trades, 82G free)
[2026-09-15T17:14:51Z] [p25_liqpcrexit] pcrnb_pcrexit_t2 OK (1545s, 18 trades, 82G free)
[2026-09-15T17:40:41Z] [p25_liqpcrexit] pcrmb_pcrexit_t1 OK (1550s, 19 trades, 82G free)
[2026-09-15T18:06:35Z] [p25_liqpcrexit] pcrmb_pcrexit_t2 OK (1554s, 40 trades, 82G free)
[2026-09-15T18:20:42Z] [p25b_liqpcrexit_rerun] pcrmb_pcrexit_t2 HAD SHARD FAILURES (322s, 0 trades, 82G free)
[2026-09-15T18:21:29Z] [id_smoke] id_orb_research HAD SHARD FAILURES (4s, 0 trades, 82G free)
[2026-09-15T18:21:32Z] [id_smoke] id_orb_from_conviction HAD SHARD FAILURES (3s, 0 trades, 82G free)
[2026-09-15T18:21:34Z] [id_smoke] id_vwap_research HAD SHARD FAILURES (2s, 0 trades, 82G free)
[2026-09-15T18:21:38Z] [id_smoke] id_vwap_from_app HAD SHARD FAILURES (4s, 0 trades, 82G free)
[2026-09-15T18:21:41Z] [id_smoke] id_ema_research HAD SHARD FAILURES (3s, 0 trades, 82G free)
[2026-09-15T18:21:43Z] [id_smoke] id_ema_from_app_base HAD SHARD FAILURES (2s, 0 trades, 82G free)
[2026-09-15T18:21:46Z] [id_smoke] id_ema_from_conviction HAD SHARD FAILURES (3s, 0 trades, 82G free)
[2026-09-15T19:15:04Z] [p25c_liqpcrexit_rerun2] pcrmb_pcrexit_t2 OK (1629s, 20 trades, 82G free)
[2026-09-15T19:41:59Z] [id_smoke2] id_orb_research OK (1610s, 0 trades, 82G free)
[2026-09-15T20:09:07Z] [id_smoke2] id_orb_from_conviction OK (1628s, 0 trades, 82G free)
[2026-09-15T20:16:15Z] [id_smoke2] id_vwap_research OK (428s, 16 trades, 82G free)
[2026-09-15T20:23:19Z] [id_smoke2] id_vwap_from_app OK (424s, 16 trades, 82G free)
[2026-09-15T20:50:41Z] [id_smoke2] id_ema_research OK (1642s, 46 trades, 82G free)
[2026-09-15T21:17:57Z] [id_smoke2] id_ema_from_app_base OK (1636s, 46 trades, 82G free)
[2026-09-15T21:45:00Z] [id_smoke2] id_ema_from_conviction OK (1623s, 46 trades, 82G free)
[2026-09-15T22:12:59Z] [phase26_liqtsl] pcrnb_leg_b_tsl05 OK (1619s, 18 trades, 82G free)
[2026-09-15T22:39:51Z] [phase26_liqtsl] pcrnb_leg_b_tsl06 OK (1612s, 18 trades, 82G free)
[2026-09-15T22:47:44Z] [phase27_idpcr] id_vwap_narrowband OK (427s, 7 trades, 82G free)
[2026-09-15T22:54:44Z] [phase27_idpcr] id_vwap_momentum OK (420s, 14 trades, 82G free)
[2026-09-15T23:21:49Z] [phase27_idpcr] id_ema_narrowband OK (1625s, 14 trades, 82G free)
[2026-09-15T23:48:59Z] [phase27_idpcr] id_ema_momentum OK (1630s, 31 trades, 82G free)
[2026-09-16T08:14:25Z] [id_ema_core_none] id_ema_core_none OK (2597s, 46 trades, 82G free)
[2026-09-16T08:58:00Z] [id_ema_core_narrowband] id_ema_core_narrowband OK (2614s, 14 trades, 82G free)
[2026-09-16T09:40:59Z] [id_ema_core_momentum] id_ema_core_momentum OK (2577s, 31 trades, 82G free)
[2026-09-16T10:13:46Z] [id_ema_tight_none] id_ema_tight_none OK (1965s, 46 trades, 81G free)
[2026-09-16T10:40:30Z] [id_ema_tight_narrowband] id_ema_tight_narrowband OK (1602s, 14 trades, 81G free)
[2026-09-16T11:06:23Z] [id_ema_tight_momentum] id_ema_tight_momentum OK (1551s, 31 trades, 81G free)
[2026-09-16T11:33:21Z] [id_ema_core_nb_lo1] id_ema_core_nb_lo1 OK (1559s, 19 trades, 81G free)
[2026-09-16T11:59:23Z] [id_ema_core_nb_lo2] id_ema_core_nb_lo2 OK (1561s, 22 trades, 81G free)
[2026-09-16T12:25:48Z] [id_ema_core_nb_lo3] id_ema_core_nb_lo3 OK (1583s, 25 trades, 81G free)
[2026-09-16T12:52:43Z] [id_ema_core_nb_hi1] id_ema_core_nb_hi1 OK (1614s, 18 trades, 81G free)
[2026-09-16T13:19:09Z] [id_ema_core_nb_hi2] id_ema_core_nb_hi2 OK (1585s, 19 trades, 81G free)
[2026-09-16T13:46:16Z] [id_ema_core_nb_hi3] id_ema_core_nb_hi3 OK (1625s, 20 trades, 81G free)
[2026-09-16T14:13:33Z] [id_ema_core_mom_lo1] id_ema_core_mom_lo1 OK (1578s, 32 trades, 81G free)
[2026-09-16T14:39:51Z] [id_ema_core_mom_lo2] id_ema_core_mom_lo2 OK (1577s, 33 trades, 81G free)
[2026-09-16T15:05:36Z] [id_ema_core_mom_lo3] id_ema_core_mom_lo3 OK (1544s, 34 trades, 81G free)
[2026-09-16T15:31:35Z] [id_ema_core_mom_hi1] id_ema_core_mom_hi1 OK (1558s, 32 trades, 81G free)
[2026-09-16T15:57:21Z] [id_ema_core_mom_hi2] id_ema_core_mom_hi2 OK (1545s, 32 trades, 81G free)
[2026-09-16T16:23:11Z] [id_ema_core_mom_hi3] id_ema_core_mom_hi3 OK (1549s, 32 trades, 81G free)
[2026-09-16T16:48:47Z] [id_ema_core_rsi] id_ema_core_rsi OK (1535s, 44 trades, 81G free)
[2026-09-16T17:14:45Z] [id_ema_core_momentum_rsi] id_ema_core_momentum_rsi OK (1556s, 30 trades, 81G free)
[2026-09-16T17:40:47Z] [id_ema_core_narrowband_rsi] id_ema_core_narrowband_rsi OK (1561s, 13 trades, 81G free)
[2026-09-16T18:06:17Z] [id_ema_core_longtstop] id_ema_core_longtstop OK (1529s, 46 trades, 81G free)
[2026-09-16T18:31:55Z] [id_ema_opentarget_mid] id_ema_opentarget_mid OK (1536s, 46 trades, 81G free)
[2026-09-16T18:58:24Z] [id_ema_opentarget_core] id_ema_opentarget_core OK (1588s, 46 trades, 81G free)
[2026-09-16T21:11:20Z] [id_ema_final_narrowband_rsi] id_ema_final_narrowband_rsi OK (1588s, 13 trades, 81G free)
[2026-09-16T21:37:30Z] [id_ema_final_control_none] id_ema_final_control_none OK (1569s, 46 trades, 81G free)
[2026-09-16T22:03:48Z] [id_ema_final_control_narrowband] id_ema_final_control_narrowband OK (1577s, 14 trades, 81G free)
[2026-09-16T22:30:18Z] [id_ema_final_pcrexit_t1] id_ema_final_pcrexit_t1 OK (1588s, 13 trades, 81G free)
[2026-09-16T22:56:45Z] [id_ema_final_pcrexit_t2] id_ema_final_pcrexit_t2 OK (1586s, 13 trades, 81G free)
[2026-09-16T23:23:11Z] [id_ema_final_opentarget_lock05] id_ema_final_opentarget_lock05 OK (1585s, 13 trades, 81G free)
[2026-09-16T23:49:31Z] [id_ema_final_opentarget_lock06] id_ema_final_opentarget_lock06 OK (1579s, 13 trades, 81G free)
[2026-09-17T04:03:51Z] [id_ema_openrun_act30_lock02] id_ema_openrun_act30_lock02 OK (2390s, 13 trades, 80G free)
[2026-09-17T04:52:15Z] [id_ema_openrun_act30_lock03] id_ema_openrun_act30_lock03 OK (2901s, 13 trades, 81G free)
[2026-09-17T05:38:09Z] [id_ema_openrun_act15_lock02] id_ema_openrun_act15_lock02 OK (2752s, 13 trades, 81G free)
[2026-09-17T06:22:23Z] [id_ema_openrun_act15_lock03] id_ema_openrun_act15_lock03 OK (2652s, 13 trades, 81G free)
[2026-09-17T07:08:35Z] [id_ema_supertrend_flip_only] id_ema_supertrend_flip_only OK (2729s, 13 trades, 81G free)
[2026-09-17T12:32:34Z] [orb_control] orb_control OK (1595s, 40 trades, 81G free)
[2026-09-17T12:59:45Z] [orb_narrowband] orb_narrowband OK (1630s, 14 trades, 81G free)
[2026-09-17T13:26:22Z] [orb_momentum] orb_momentum OK (1596s, 27 trades, 81G free)
[2026-09-17T13:52:40Z] [ema_control] ema_control OK (1577s, 47 trades, 81G free)
[2026-09-17T14:19:45Z] [ema_narrowband] ema_narrowband OK (1624s, 35 trades, 81G free)
[2026-09-17T14:46:51Z] [ema_momentum] ema_momentum OK (1625s, 37 trades, 81G free)
[2026-09-22T20:34:44Z] [renko1] renko_htf30_k1_cb2_breakout OK (1709s, 33 trades, 79G free)
[2026-09-22T21:03:52Z] [renko1] renko_htf20_k1_cb2_breakout OK (1748s, 44 trades, 78G free)
[2026-09-22T21:32:49Z] [renko1] renko_htf15_k1_cb2_breakout OK (1737s, 49 trades, 78G free)
[2026-09-22T22:02:26Z] [renko1] renko_htf10_k1_cb2_breakout OK (1777s, 51 trades, 78G free)
[2026-09-22T22:30:47Z] [renko1] renko_htf30_k1_cb2_pullback OK (1701s, 12 trades, 79G free)
[2026-09-22T23:00:03Z] [renko1] renko_htf30_k075_cb2_breakout OK (1756s, 47 trades, 78G free)
[2026-09-22T23:27:59Z] [renko1] renko_htf30_k15_cb2_breakout OK (1676s, 4 trades, 79G free)
[2026-09-22T23:56:48Z] [renko1] renko_htf30_k1_cb1_breakout OK (1728s, 39 trades, 78G free)
[2026-09-23T00:25:16Z] [renko1] renko_htf30_k1_cb3_breakout OK (1708s, 23 trades, 78G free)
[2026-09-23T10:50:06Z] [renko2a] renko2a_b833_r15 OK (1849s, 0 trades, 77G free)
[2026-09-23T11:20:12Z] [renko2a] renko2a_b833_r30 OK (1806s, 0 trades, 77G free)
[2026-09-23T11:50:51Z] [renko2a] renko2a_b125_r15 OK (1839s, 0 trades, 77G free)
[2026-09-23T12:21:17Z] [renko2a] renko2a_b125_r30 OK (1826s, 0 trades, 77G free)
[2026-09-23T13:15:29Z] [renko2a] renko2a_b833_r15 OK (1677s, 51 trades, 77G free)
[2026-09-23T13:44:54Z] [renko2a] renko2a_b833_r30 OK (1765s, 50 trades, 77G free)
[2026-09-23T14:13:46Z] [renko2a] renko2a_b125_r15 OK (1732s, 51 trades, 77G free)
[2026-09-23T14:43:35Z] [renko2a] renko2a_b125_r30 OK (1789s, 50 trades, 77G free)
[2026-09-23T15:12:04Z] [renko2a] renko2a_b25_r15 OK (1709s, 50 trades, 77G free)
[2026-09-23T15:41:00Z] [renko2a] renko2a_b25_r30 OK (1736s, 50 trades, 77G free)
[2026-09-23T17:52:58Z] [renko2c] renko2c_b833_r15 OK (1690s, 51 trades, 77G free)
[2026-09-23T18:22:48Z] [renko2c] renko2c_b125_r30 OK (1790s, 50 trades, 77G free)
[2026-09-23T18:46:23Z] [renko3a] renko3a_b833_r15_dyn1 HAD SHARD FAILURES (90s, 0 trades, 77G free)
[2026-09-23T19:19:57Z] [renko3b] renko3a_b833_r15_dyn1 OK (1748s, 51 trades, 77G free)
[2026-09-23T19:55:16Z] [renko3c] renko3c_fresh OK (2027s, 50 trades, 77G free)
[2026-09-23T20:26:55Z] [renko3c] renko3c_freshcross OK (1899s, 51 trades, 77G free)
[2026-09-23T20:57:02Z] [renko3c] renko3c_extreme OK (1807s, 50 trades, 77G free)
[2026-09-23T21:26:34Z] [renko3c] renko3c_ema20 OK (1772s, 51 trades, 77G free)
[2026-09-23T21:56:08Z] [renko3c] renko3c_tf20 OK (1774s, 50 trades, 77G free)
[2026-09-23T22:25:37Z] [renko3c] renko3c_tf5 OK (1769s, 51 trades, 77G free)
[2026-09-23T23:01:48Z] [renko3c] renko3c_fresh_ext OK (2171s, 48 trades, 77G free)
[2026-09-23T23:34:18Z] [renko3c] renko3c_freshcross_ext OK (1950s, 49 trades, 77G free)
[2026-09-24T00:04:57Z] [renko3c] renko3c_freshcross_ema20 OK (1839s, 51 trades, 77G free)
[2026-09-24T00:36:08Z] [renko3c] renko3c_freshcross_lb2 OK (1871s, 51 trades, 77G free)
[2026-09-24T01:08:42Z] [renko3c] renko3c_pullback OK (1954s, 51 trades, 77G free)
[2026-09-24T01:38:15Z] [renko3c] renko3c_b625 OK (1773s, 51 trades, 77G free)
[2026-09-24T10:30:00Z] [renko4s] renko4s_tf5_np3 OK (1738s, 51 trades, 76G free)
[2026-09-24T11:00:38Z] [renko4s] renko4s_tf5_mv50flip1 OK (1838s, 50 trades, 76G free)
[2026-09-24T11:28:49Z] [renko4s] renko4s_tf5_noema OK (1691s, 51 trades, 76G free)
[2026-09-24T11:59:30Z] [renko4s] renko4s_tf5_ceonly OK (1841s, 50 trades, 76G free)
[2026-09-24T12:34:53Z] [renko4s] renko4s_tf5_fextpe OK (2123s, 48 trades, 76G free)
[2026-09-24T13:04:29Z] [renko4a] renko4a_tf5_mv40 OK (1774s, 50 trades, 76G free)
[2026-09-24T13:33:27Z] [renko4a] renko4a_tf5_mv60 OK (1738s, 51 trades, 76G free)
[2026-09-24T14:03:05Z] [renko4a] renko4a_tf5_flip1 OK (1778s, 51 trades, 76G free)
[2026-09-24T14:31:32Z] [renko4a] renko4a_tf5_ema15tf OK (1707s, 50 trades, 76G free)
[2026-09-24T15:01:26Z] [renko4a] renko4a_b625_mv50 OK (1794s, 51 trades, 76G free)
[2026-09-24T15:30:00Z] [renko4a] renko4a_b625_st1030 OK (1714s, 51 trades, 76G free)
[2026-09-24T15:58:53Z] [renko4a] renko4a_b625_flip1 OK (1733s, 51 trades, 76G free)
[2026-09-24T17:23:27Z] [renko5] renko5_c3_e5 OK (1687s, 51 trades, 76G free)
[2026-09-24T17:52:02Z] [renko5] renko5_c3_e15 OK (1715s, 51 trades, 76G free)
[2026-09-24T18:22:41Z] [renko5] renko5_b625_mv40 OK (1839s, 51 trades, 76G free)
[2026-09-24T18:53:31Z] [renko5] renko5_b625_mv60 OK (1850s, 51 trades, 76G free)
[2026-09-24T19:26:53Z] [renko5] renko5_b625_mv50ext OK (2002s, 50 trades, 76G free)
[2026-09-24T20:07:42Z] [renko5] renko5_b625_mv50fresh OK (2449s, 46 trades, 76G free)
[2026-09-24T20:37:56Z] [renko5] renko5_c5_e5 OK (1813s, 50 trades, 76G free)
[2026-09-24T21:09:11Z] [renko5] renko5_b625_mv50ema20 OK (1875s, 51 trades, 76G free)
[2026-09-24T21:40:59Z] [renko5] renko5_b500_mv50 OK (1908s, 51 trades, 76G free)
[2026-09-24T22:13:41Z] [renko5] renko5_b833_mv50 OK (1962s, 50 trades, 76G free)
[2026-09-24T22:44:33Z] [renko5] renko5_c3_e5_mv60 OK (1852s, 50 trades, 76G free)
[2026-09-24T23:15:17Z] [renko5] renko5_b625_tf10_mv50 OK (1844s, 51 trades, 76G free)
[2026-09-24T23:45:54Z] [renko6] renko6_c5_x5_e5 OK (1804s, 50 trades, 76G free)
[2026-09-25T00:15:40Z] [renko6] renko6_tf5_x5 OK (1786s, 51 trades, 76G free)
[2026-09-25T00:46:04Z] [renko6] renko6_c5_x5_e15 OK (1824s, 50 trades, 76G free)
[2026-09-25T01:18:02Z] [renko6] renko6_c7_x5_e5 OK (1918s, 50 trades, 76G free)
[2026-09-25T01:50:23Z] [renko6] renko6_c5_x5_e5_mv60 OK (1941s, 50 trades, 76G free)
[2026-09-25T02:20:21Z] [renko6] renko6_tf5_x5_ema15tf OK (1798s, 50 trades, 76G free)
[2026-09-25T02:50:39Z] [renko6] renko6_c4_x5_e5 OK (1818s, 50 trades, 76G free)
[2026-09-25T03:20:51Z] [renko6] renko6_c5_x5_e5_ema20 OK (1812s, 51 trades, 76G free)
[2026-09-25T10:47:29Z] [renko7] renko7_f1_fib_tf5 OK (1704s, 51 trades, 75G free)
[2026-09-25T11:15:40Z] [renko7] renko7_f2_fib_ema15 OK (1691s, 50 trades, 75G free)
[2026-09-25T11:44:04Z] [renko7] renko7_a1_atr50_ema15 OK (1704s, 46 trades, 75G free)
[2026-09-25T12:12:17Z] [renko7] renko7_a2_atr50_fib OK (1693s, 46 trades, 75G free)
[2026-09-25T12:40:14Z] [renko7] renko7_s1_top_orig OK (1677s, 33 trades, 75G free)
[2026-09-25T13:08:33Z] [renko7] renko7_e1_tf5_ext OK (1699s, 50 trades, 75G free)
[2026-09-25T13:37:15Z] [renko7] renko7_e2_tf5_cb3 OK (1722s, 50 trades, 75G free)
[2026-09-25T14:05:35Z] [renko7] renko7_e3_tf5_b625 OK (1700s, 51 trades, 75G free)
[2026-09-25T14:34:01Z] [renko7] renko7_e4_tf5_b1000 OK (1706s, 51 trades, 75G free)
[2026-09-25T15:02:12Z] [renko7] renko7_e5_tf5_cb1 OK (1691s, 51 trades, 75G free)
[2026-09-25T15:30:17Z] [renko7] renko7_e6_tf5_ema30tf OK (1685s, 50 trades, 75G free)
[2026-09-25T15:58:28Z] [renko7] renko7_e7_tf5_cb3_ext OK (1691s, 50 trades, 75G free)
[2026-09-25T17:58:58Z] [perday1] pd1_base OK (2829s, 236 trades, 75G free)
[2026-09-25T18:55:50Z] [perday1] pd2_mv50 OK (3410s, 155 trades, 75G free)
[2026-09-25T20:38:32Z] [mt1] renko10_mt1_base OK (3487s, 786 trades, 75G free)
[2026-09-25T21:41:35Z] [mt1] renko10_mt2_mv50 OK (3783s, 291 trades, 75G free)
[2026-09-25T22:28:40Z] [mt1] renko10_mt3_s1_top OK (2825s, 100 trades, 75G free)
[2026-09-25T23:18:18Z] [mt1] renko10_mt4_fib_ema15 OK (2978s, 643 trades, 75G free)
[2026-09-26T00:07:45Z] [mt1] renko10_mt5_ctrl_nofilter OK (2967s, 1007 trades, 75G free)
[2026-09-26T00:57:30Z] [mt1] renko10_mt6_ctrl_cb1_nofilter OK (2985s, 1077 trades, 75G free)
[2026-09-26T08:25:16Z] [w12] renko11_p1_mv50_pe OK (8204s, 152 trades, 75G free)
[2026-09-26T09:14:44Z] [w13a] w12_s1top_ctrl OK (2929s, 92 trades, 75G free)
[2026-09-26T10:30:34Z] [w13a] w12_base_ctrl OK (4550s, 785 trades, 75G free)
[2026-09-26T11:19:10Z] [w13a] w12_s1_pe OK (2916s, 64 trades, 75G free)
[2026-09-26T12:07:54Z] [w13a] w12_s1_msd1 OK (2924s, 66 trades, 75G free)
[2026-09-26T12:57:59Z] [w13b] w12_s1_m075 OK (3002s, 237 trades, 75G free)
[2026-09-26T13:49:08Z] [w13b] w12_s1_m05 OK (3069s, 466 trades, 75G free)
[2026-09-26T14:39:16Z] [w13b] w12_s1_htf15_m1 OK (3008s, 310 trades, 75G free)
[2026-09-26T15:28:07Z] [w13b] w12_s1_htf15_m15 OK (2931s, 96 trades, 75G free)
[2026-09-26T16:16:30Z] [w13c] w12_s1_conf3 OK (2900s, 32 trades, 75G free)
[2026-09-26T17:06:10Z] [w13c] w12_s1_conf1 OK (2980s, 216 trades, 75G free)
[2026-09-26T17:55:05Z] [w13c] w12_s1_exit_wide OK (2935s, 85 trades, 75G free)
[2026-09-26T18:44:23Z] [w13c] w12_s1_pe_m075 OK (2958s, 147 trades, 75G free)
[2026-09-26T19:38:37Z] [w13c] w12_s1_ema30x15 OK (3254s, 89 trades, 75G free)
[2026-09-26T20:27:08Z] [w13c] w12_s1_nofilter OK (2911s, 94 trades, 75G free)
[2026-09-26T22:04:52Z] [w13d] w12_mv50_msd1 OK (5861s, 161 trades, 75G free)
[2026-09-26T23:35:52Z] [w13d] w12_base_msd1 OK (5460s, 359 trades, 75G free)
[2026-09-27T01:13:54Z] [w13d] w12_base_pe_msd1 OK (5882s, 182 trades, 75G free)
[2026-09-27T02:02:40Z] [w13d] w12_h2_15m_fib_ema15 OK (2925s, 156 trades, 75G free)
[2026-09-27T02:53:27Z] [w13d] w12_h1_15m_fib_mv50 OK (3047s, 201 trades, 74G free)
[2026-09-27T03:44:11Z] [w13d] w12_h6_5m_fib_cc5 OK (3044s, 253 trades, 74G free)
[2026-09-27T04:34:26Z] [w13d] w12_h4_15m_fib_nocap OK (3015s, 299 trades, 74G free)
[2026-09-27T06:05:17Z] [w13d] w12_pd3_e4 OK (5451s, 356 trades, 74G free)
[2026-09-27T07:34:33Z] [w13d] w12_pd4_tf5x5 OK (5356s, 435 trades, 74G free)
[2026-09-27T09:05:44Z] [w13d] w12_pd5_b833mv50 OK (5471s, 208 trades, 74G free)
[2026-09-27T12:36:28Z] [w14a] w14_s1_pe_msd1 OK (2871s, 44 trades, 74G free)
[2026-09-27T13:24:43Z] [w14a] w14_s1_pe_exit_wide OK (2895s, 60 trades, 74G free)
[2026-09-27T15:04:01Z] [w14a] w14_base_pe_msd1_wide OK (5958s, 182 trades, 74G free)
[2026-09-27T16:45:21Z] [w14a] w14_mv50_pe_msd1 OK (6080s, 81 trades, 74G free)
[2026-09-27T19:00:56Z] [r15] s1_atr2 OK (171s, 9 trades, 74G free)
[2026-09-27T19:03:45Z] [r15] s1_atr25 OK (169s, 9 trades, 74G free)
[2026-09-27T19:06:36Z] [r15] s1_atr3 OK (171s, 9 trades, 74G free)
[2026-09-28T07:04:47Z] [r16] full2020_base OK (35007s, 4345 trades, 65G free)
[2026-09-28T12:19:08Z] [r17p] EMA_Base OK (119s, 196 trades, 65G free)
[2026-09-28T12:22:01Z] [r17] EMA_Base HAD SHARD FAILURES (13s, 0 trades, 65G free)
[2026-09-28T15:40:58Z] [r17] EMA_Base OK (11834s, 19770 trades, 65G free)
[2026-09-28T16:03:59Z] [r17b] EMA_Base OK (74s, 115 trades, 65G free)
[2026-09-28T16:18:15Z] [p18] EMA_Convic_Paper OK (117s, 67 trades, 65G free)
[2026-09-28T16:20:16Z] [p19] EMA_PCR_Live_Convic OK (118s, 56 trades, 65G free)
[2026-09-28T19:23:49Z] [r18] EMA_Convic_Paper OK (11004s, 6569 trades, 65G free)
[2026-09-28T22:00:45Z] [r19] EMA_PCR_Live_Convic OK (9413s, 3381 trades, 65G free)
[2026-09-29T12:36:53Z] [r20] EMA_PCR_Live_Convic_NoTrail OK (9333s, 3001 trades, 63G free)
[2026-09-29T21:44:51Z] [r21] EMA_Base_Q5Floor OK (10807s, 3923 trades, 63G free)
[2026-09-30T00:34:08Z] [r22] EMA_Convic_Paper_Q5Floor OK (10155s, 1158 trades, 63G free)
[2026-09-30T03:20:44Z] [r23] EMA_PCR_Live_Convic_Q5Floor OK (9994s, 690 trades, 63G free)
### exit=0 finished=2026-09-30T04:30:09Z
