### id=20260930T043026Z_analyze_530d started=2026-09-30T04:31:16Z request: analyze r21

=== /home/ubuntu/backtest_engine/backend/data/historical/backtest_reports/s6_r21/EMA_Base_Q5Floor_current.csv
  trades=3923 days_traded=1414 net=213,377 est-net(-130/trade)=-296,613 PF=1.29 WR=56% avgW=431 avgL=-424 maxDD=10,984 Calmar=19.43 Sharpe(daily)=2.60 t=6.37
  ex-top-2 net=206,213   halves: H1=69,647 H2=143,730
  first trade of day       n=1414 net=   75,027 PF= 1.28 WR= 57% avg=     53 ex-best=   72,794
  re-entries (#2+)         n=2509 net=  138,350 PF= 1.30 WR= 55% avg=     55 ex-best=  134,478
 by weekday [ALL]
  Mon      n= 689 net=   25,140 PF= 1.14 WR= 54% avg=     36 ex-best=   23,175
  Tue      n= 832 net=   43,908 PF= 1.30 WR= 57% avg=     53 ex-best=   40,616
  Wed      n= 826 net=   60,716 PF= 1.49 WR= 59% avg=     74 ex-best=   56,845
  Thu      n= 820 net=   39,583 PF= 1.52 WR= 55% avg=     48 ex-best=   37,126
  Fri      n= 756 net=   44,030 PF= 1.21 WR= 55% avg=     58 ex-best=   40,926
 by weekday [FIRST]
  Mon      n= 280 net=    9,504 PF= 1.14 WR= 53% avg=     34 ex-best=    7,694
  Tue      n= 293 net=    6,381 PF= 1.11 WR= 56% avg=     22 ex-best=    5,309
  Wed      n= 290 net=   16,599 PF= 1.34 WR= 58% avg=     57 ex-best=   15,059
  Thu      n= 278 net=   19,743 PF= 1.78 WR= 62% avg=     71 ex-best=   17,509
  Fri      n= 273 net=   22,800 PF= 1.32 WR= 57% avg=     84 ex-best=   20,905
 by DTE [ALL] (0=expiry day, 6=day after expiry)
  DTE0     n= 826 net=   13,548 PF= 1.24 WR= 52% avg=     16 ex-best=   12,709
  DTE1     n= 836 net=   45,463 PF= 1.37 WR= 59% avg=     54 ex-best=   43,654
  DTE2     n= 705 net=   47,014 PF= 1.35 WR= 59% avg=     67 ex-best=   43,721
  DTE3     n= 559 net=   19,413 PF= 1.14 WR= 54% avg=     35 ex-best=   17,448
  DTE4     n= 120 net=   20,831 PF= 1.91 WR= 68% avg=    174 ex-best=   19,004
  DTE5     n= 133 net=   18,960 PF= 1.50 WR= 58% avg=    143 ex-best=   16,503
  DTE6     n= 744 net=   48,149 PF= 1.23 WR= 54% avg=     65 ex-best=   44,277
  CE                       n=1808 net=   76,438 PF= 1.23 WR= 54% avg=     42 ex-best=   72,567
  PE                       n=2115 net=  136,939 PF= 1.34 WR= 57% avg=     65 ex-best=  133,646
 exit reasons
  eod_square_off           n=  31 net=   -4,511 PF= 0.29 WR= 29% avg=   -146 ex-best=   -5,203
  stop                     n=1536 net= -657,748 PF= 0.00 WR=  0% avg=   -428 ex-best= -657,738
  structure_break          n= 174 net=  -67,444 PF= 0.00 WR=  2% avg=   -388 ex-best=  -67,639
  target                   n= 447 net=  184,802 PF=  inf WR=100% avg=    413 ex-best=  181,509
  trail                    n=1735 net=  758,279 PF=  inf WR=100% avg=    437 ex-best=  754,407
### exit=0 finished=2026-09-30T04:31:16Z
