### id=20260927T111826Z_analyze_6e8d started=2026-09-27T11:18:44Z request: analyze w13c

=== /home/ubuntu/backtest_engine/backend/data/historical/backtest_reports/s6_w13c/w12_s1_conf1_current.csv
  trades=216 days_traded=118 net=-44,609 est-net(-130/trade)=-72,689 PF=0.69 WR=52% avgW=867 avgL=-1,362 maxDD=44,609 Calmar=-1.00 Sharpe(daily)=-3.33 t=-2.32
  ex-top-2 net=-49,372   halves: H1=-24,999 H2=-19,609
  first trade of day       n= 118 net=  -32,791 PF= 0.61 WR= 48% avg=   -278 ex-best=  -34,987
  re-entries (#2+)         n=  98 net=  -11,817 PF= 0.80 WR= 56% avg=   -121 ex-best=  -14,385
 by weekday [ALL]
  Mon      n=  43 net=   -9,657 PF= 0.65 WR= 53% avg=   -225 ex-best=  -11,408
  Tue      n=  53 net=      665 PF= 1.05 WR= 60% avg=     13 ex-best=     -239
  Wed      n=  42 net=     -526 PF= 0.98 WR= 57% avg=    -13 ex-best=   -2,722
  Thu      n=  42 net=  -24,847 PF= 0.40 WR= 40% avg=   -592 ex-best=  -26,870
  Fri      n=  36 net=  -10,244 PF= 0.65 WR= 44% avg=   -285 ex-best=  -12,811
 by weekday [FIRST]
  Mon      n=  23 net=   -3,166 PF= 0.78 WR= 52% avg=   -138 ex-best=   -4,917
  Tue      n=  28 net=   -2,681 PF= 0.73 WR= 57% avg=    -96 ex-best=   -3,503
  Wed      n=  24 net=  -10,557 PF= 0.54 WR= 42% avg=   -440 ex-best=  -12,753
  Thu      n=  22 net=  -13,419 PF= 0.39 WR= 36% avg=   -610 ex-best=  -15,442
  Fri      n=  21 net=   -2,969 PF= 0.79 WR= 52% avg=   -141 ex-best=   -4,510
 by DTE [ALL] (0=expiry day, 6=day after expiry)
  DTE0     n=  53 net=      665 PF= 1.05 WR= 60% avg=     13 ex-best=     -239
  DTE1     n=  43 net=   -9,657 PF= 0.65 WR= 53% avg=   -225 ex-best=  -11,408
  DTE4     n=  36 net=  -10,244 PF= 0.65 WR= 44% avg=   -285 ex-best=  -12,811
  DTE5     n=  42 net=  -24,847 PF= 0.40 WR= 40% avg=   -592 ex-best=  -26,870
  DTE6     n=  42 net=     -526 PF= 0.98 WR= 57% avg=    -13 ex-best=   -2,722
  CE                       n=  74 net=  -33,848 PF= 0.48 WR= 42% avg=   -457 ex-best=  -36,415
  PE                       n= 142 net=  -10,761 PF= 0.86 WR= 57% avg=    -76 ex-best=  -12,956
 exit reasons
  eod_square_off           n=  27 net=  -18,993 PF= 0.10 WR= 19% avg=   -703 ex-best=  -20,274
  stop                     n=  63 net=  -93,220 PF= 0.00 WR=  0% avg= -1,480 ex-best=  -92,976
  structure_break          n=  19 net=  -27,306 PF= 0.00 WR=  0% avg= -1,437 ex-best=  -27,176
  target                   n=   6 net=    5,870 PF=  inf WR=100% avg=    978 ex-best=    3,302
  trail                    n= 101 net=   89,041 PF=  inf WR=100% avg=    882 ex-best=   86,845

=== /home/ubuntu/backtest_engine/backend/data/historical/backtest_reports/s6_w13c/w12_s1_conf3_current.csv
  trades=32 days_traded=24 net=-9,048 est-net(-130/trade)=-13,208 PF=0.60 WR=56% avgW=760 avgL=-1,623 maxDD=9,755 Calmar=-0.93 Sharpe(daily)=-4.02 t=-1.15
  ex-top-2 net=-12,418   halves: H1=-3,475 H2=-5,573
  first trade of day       n=  24 net=   -7,039 PF= 0.61 WR= 58% avg=   -293 ex-best=   -8,776
  re-entries (#2+)         n=   8 net=   -2,009 PF= 0.56 WR= 50% avg=   -251 ex-best=   -3,642
 by weekday [ALL]
  Mon      n=   6 net=   -6,199 PF= 0.17 WR= 33% avg= -1,033 ex-best=   -6,872
  Tue      n=  11 net=      341 PF= 1.14 WR= 64% avg=     31 ex-best=     -362
  Wed      n=   8 net=   -4,443 PF= 0.49 WR= 50% avg=   -555 ex-best=   -6,180
  Thu      n=   5 net=    1,686 PF= 1.79 WR= 80% avg=    337 ex-best=       54
  Fri      n=   2 net=     -434 PF= 0.76 WR= 50% avg=   -217 ex-best=   -1,807
 by weekday [FIRST]
  Mon      n=   6 net=   -6,199 PF= 0.17 WR= 33% avg= -1,033 ex-best=   -6,872
  Tue      n=   7 net=    1,198 PF= 2.28 WR= 71% avg=    171 ex-best=      494
  Wed      n=   6 net=   -1,434 PF= 0.75 WR= 67% avg=   -239 ex-best=   -3,170
  Thu      n=   3 net=     -171 PF= 0.92 WR= 67% avg=    -57 ex-best=   -1,199
  Fri      n=   2 net=     -434 PF= 0.76 WR= 50% avg=   -217 ex-best=   -1,807
 by DTE [ALL] (0=expiry day, 6=day after expiry)
  DTE0     n=  11 net=      341 PF= 1.14 WR= 64% avg=     31 ex-best=     -362
  DTE1     n=   6 net=   -6,199 PF= 0.17 WR= 33% avg= -1,033 ex-best=   -6,872
  DTE4     n=   2 net=     -434 PF= 0.76 WR= 50% avg=   -217 ex-best=   -1,807
  DTE5     n=   5 net=    1,686 PF= 1.79 WR= 80% avg=    337 ex-best=       54
  DTE6     n=   8 net=   -4,443 PF= 0.49 WR= 50% avg=   -555 ex-best=   -6,180
  CE                       n=   7 net=   -6,638 PF= 0.13 WR= 29% avg=   -948 ex-best=   -7,533
  PE                       n=  25 net=   -2,411 PF= 0.84 WR= 64% avg=    -96 ex-best=   -4,148
 exit reasons
  eod_square_off           n=   4 net=   -2,519 PF= 0.12 WR= 50% avg=   -630 ex-best=   -2,743
  stop                     n=  12 net=  -19,854 PF= 0.00 WR=  0% avg= -1,655 ex-best=  -19,520
  trail                    n=  16 net=   13,325 PF=  inf WR=100% avg=    833 ex-best=   11,588

=== /home/ubuntu/backtest_engine/backend/data/historical/backtest_reports/s6_w13c/w12_s1_ema30x15_current.csv
  trades=89 days_traded=61 net=-7,589 est-net(-130/trade)=-19,159 PF=0.85 WR=61% avgW=811 avgL=-1,469 maxDD=14,504 Calmar=-0.52 Sharpe(daily)=-1.33 t=-0.62
  ex-top-2 net=-11,894   halves: H1=-10,221 H2=2,631
  first trade of day       n=  61 net=     -996 PF= 0.97 WR= 66% avg=    -16 ex-best=   -3,563
  re-entries (#2+)         n=  28 net=   -6,594 PF= 0.64 WR= 50% avg=   -235 ex-best=   -8,331
 by weekday [ALL]
  Mon      n=  18 net=   -1,547 PF= 0.84 WR= 67% avg=    -86 ex-best=   -2,465
  Tue      n=  23 net=    4,422 PF= 2.44 WR= 74% avg=    192 ex-best=    3,519
  Wed      n=  20 net=    2,706 PF= 1.21 WR= 65% avg=    135 ex-best=      969
  Thu      n=  15 net=   -7,195 PF= 0.47 WR= 47% avg=   -480 ex-best=   -8,827
  Fri      n=  13 net=   -5,976 PF= 0.52 WR= 38% avg=   -460 ex-best=   -8,543
 by weekday [FIRST]
  Mon      n=  11 net=    5,770 PF= 8.22 WR= 91% avg=    525 ex-best=    4,852
  Tue      n=  12 net=    4,505 PF=17.50 WR= 92% avg=    375 ex-best=    3,601
  Wed      n=  14 net=    3,691 PF= 1.48 WR= 71% avg=    264 ex-best=    1,977
  Thu      n=  12 net=  -10,792 PF= 0.21 WR= 33% avg=   -899 ex-best=  -12,096
  Fri      n=  12 net=   -4,169 PF= 0.61 WR= 42% avg=   -347 ex-best=   -6,736
 by DTE [ALL] (0=expiry day, 6=day after expiry)
  DTE0     n=  23 net=    4,422 PF= 2.44 WR= 74% avg=    192 ex-best=    3,519
  DTE1     n=  18 net=   -1,547 PF= 0.84 WR= 67% avg=    -86 ex-best=   -2,465
  DTE4     n=  13 net=   -5,976 PF= 0.52 WR= 38% avg=   -460 ex-best=   -8,543
  DTE5     n=  15 net=   -7,195 PF= 0.47 WR= 47% avg=   -480 ex-best=   -8,827
  DTE6     n=  20 net=    2,706 PF= 1.21 WR= 65% avg=    135 ex-best=      969
  CE                       n=  26 net=  -15,879 PF= 0.40 WR= 38% avg=   -611 ex-best=  -18,446
  PE                       n=  63 net=    8,290 PF= 1.33 WR= 70% avg=    132 ex-best=    6,553
 exit reasons
  eod_square_off           n=  11 net=   -8,967 PF= 0.04 WR= 27% avg=   -815 ex-best=   -9,191
  stop                     n=  27 net=  -42,022 PF= 0.00 WR=  0% avg= -1,556 ex-best=  -41,749
  target                   n=   3 net=    3,786 PF=  inf WR=100% avg=  1,262 ex-best=    1,219
  trail                    n=  48 net=   39,614 PF=  inf WR=100% avg=    825 ex-best=   37,877

=== /home/ubuntu/backtest_engine/backend/data/historical/backtest_reports/s6_w13c/w12_s1_exit_wide_current.csv
  trades=85 days_traded=64 net=8,874 est-net(-130/trade)=-2,176 PF=1.15 WR=46% avgW=1,717 avgL=-1,262 maxDD=23,286 Calmar=0.38 Sharpe(daily)=0.83 t=0.52
  ex-top-2 net=-94   halves: H1=-20,825 H2=29,700
  first trade of day       n=  64 net=   -9,931 PF= 0.81 WR= 44% avg=   -155 ex-best=  -13,837
  re-entries (#2+)         n=  21 net=   18,805 PF= 4.68 WR= 52% avg=    895 ex-best=   14,218
 by weekday [ALL]
  Mon      n=  16 net=    5,647 PF= 1.76 WR= 44% avg=    353 ex-best=    2,608
  Tue      n=  23 net=    7,760 PF= 2.30 WR= 61% avg=    337 ex-best=    5,950
  Wed      n=  18 net=    3,707 PF= 1.25 WR= 50% avg=    206 ex-best=     -880
  Thu      n=  15 net=   -2,292 PF= 0.85 WR= 33% avg=   -153 ex-best=   -6,673
  Fri      n=  13 net=   -5,947 PF= 0.59 WR= 31% avg=   -457 ex-best=   -8,874
 by weekday [FIRST]
  Mon      n=  11 net=    2,820 PF= 1.51 WR= 45% avg=    256 ex-best=      541
  Tue      n=  13 net=    3,818 PF= 2.06 WR= 62% avg=    294 ex-best=    2,008
  Wed      n=  15 net=   -4,247 PF= 0.70 WR= 47% avg=   -283 ex-best=   -8,154
  Thu      n=  13 net=   -6,468 PF= 0.57 WR= 31% avg=   -498 ex-best=   -9,537
  Fri      n=  12 net=   -5,853 PF= 0.60 WR= 33% avg=   -488 ex-best=   -8,780
 by DTE [ALL] (0=expiry day, 6=day after expiry)
  DTE0     n=  23 net=    7,760 PF= 2.30 WR= 61% avg=    337 ex-best=    5,950
  DTE1     n=  16 net=    5,647 PF= 1.76 WR= 44% avg=    353 ex-best=    2,608
  DTE4     n=  13 net=   -5,947 PF= 0.59 WR= 31% avg=   -457 ex-best=   -8,874
  DTE5     n=  15 net=   -2,292 PF= 0.85 WR= 33% avg=   -153 ex-best=   -6,673
  DTE6     n=  18 net=    3,707 PF= 1.25 WR= 50% avg=    206 ex-best=     -880
  CE                       n=  25 net=   -6,487 PF= 0.71 WR= 36% avg=   -259 ex-best=   -9,533
  PE                       n=  60 net=   15,361 PF= 1.43 WR= 50% avg=    256 ex-best=   10,774
 exit reasons
  eod_square_off           n=  27 net=  -17,020 PF= 0.15 WR= 22% avg=   -630 ex-best=  -18,671
  stop                     n=  24 net=  -36,384 PF= 0.00 WR=  0% avg= -1,516 ex-best=  -36,078
  structure_break          n=   1 net=   -1,563 PF= 0.00 WR=  0% avg= -1,563 ex-best=        0
  target                   n=   2 net=    3,052 PF=  inf WR=100% avg=  1,526 ex-best=    1,242
  trail                    n=  31 net=   60,790 PF=  inf WR=100% avg=  1,961 ex-best=   56,203

=== /home/ubuntu/backtest_engine/backend/data/historical/backtest_reports/s6_w13c/w12_s1_nofilter_current.csv
  trades=94 days_traded=64 net=-12,353 est-net(-130/trade)=-24,573 PF=0.78 WR=59% avgW=813 avgL=-1,463 maxDD=16,409 Calmar=-0.75 Sharpe(daily)=-2.08 t=-0.97
  ex-top-2 net=-16,657   halves: H1=-13,005 H2=652
  first trade of day       n=  64 net=   -3,848 PF= 0.89 WR= 62% avg=    -60 ex-best=   -6,416
  re-entries (#2+)         n=  30 net=   -8,505 PF= 0.59 WR= 50% avg=   -283 ex-best=  -10,242
 by weekday [ALL]
  Mon      n=  18 net=   -1,547 PF= 0.84 WR= 67% avg=    -86 ex-best=   -2,465
  Tue      n=  24 net=    3,948 PF= 2.12 WR= 71% avg=    164 ex-best=    3,044
  Wed      n=  21 net=    1,201 PF= 1.08 WR= 62% avg=     57 ex-best=     -536
  Thu      n=  18 net=   -9,979 PF= 0.42 WR= 44% avg=   -554 ex-best=  -11,612
  Fri      n=  13 net=   -5,976 PF= 0.52 WR= 38% avg=   -460 ex-best=   -8,543
 by weekday [FIRST]
  Mon      n=  11 net=    5,770 PF= 8.22 WR= 91% avg=    525 ex-best=    4,852
  Tue      n=  13 net=    4,030 PF= 6.39 WR= 85% avg=    310 ex-best=    3,127
  Wed      n=  15 net=    2,186 PF= 1.24 WR= 67% avg=    146 ex-best=      472
  Thu      n=  13 net=  -11,665 PF= 0.23 WR= 31% avg=   -897 ex-best=  -12,970
  Fri      n=  12 net=   -4,169 PF= 0.61 WR= 42% avg=   -347 ex-best=   -6,736
 by DTE [ALL] (0=expiry day, 6=day after expiry)
  DTE0     n=  24 net=    3,948 PF= 2.12 WR= 71% avg=    164 ex-best=    3,044
  DTE1     n=  18 net=   -1,547 PF= 0.84 WR= 67% avg=    -86 ex-best=   -2,465
  DTE4     n=  13 net=   -5,976 PF= 0.52 WR= 38% avg=   -460 ex-best=   -8,543
  DTE5     n=  18 net=   -9,979 PF= 0.42 WR= 44% avg=   -554 ex-best=  -11,612
  DTE6     n=  21 net=    1,201 PF= 1.08 WR= 62% avg=     57 ex-best=     -536
  CE                       n=  28 net=  -17,917 PF= 0.37 WR= 36% avg=   -640 ex-best=  -20,484
  PE                       n=  66 net=    5,564 PF= 1.19 WR= 68% avg=     84 ex-best=    3,827
 exit reasons
  eod_square_off           n=  12 net=  -10,471 PF= 0.04 WR= 25% avg=   -873 ex-best=  -10,696
  stop                     n=  29 net=  -44,632 PF= 0.00 WR=  0% avg= -1,539 ex-best=  -44,359
  structure_break          n=   1 net=   -1,563 PF= 0.00 WR=  0% avg= -1,563 ex-best=        0
  target                   n=   3 net=    3,786 PF=  inf WR=100% avg=  1,262 ex-best=    1,219
  trail                    n=  49 net=   40,528 PF=  inf WR=100% avg=    827 ex-best=   38,791

=== /home/ubuntu/backtest_engine/backend/data/historical/backtest_reports/s6_w13c/w12_s1_pe_m075_current.csv
  trades=147 days_traded=88 net=-19,956 est-net(-130/trade)=-39,066 PF=0.80 WR=59% avgW=927 avgL=-1,677 maxDD=29,789 Calmar=-0.67 Sharpe(daily)=-1.68 t=-0.97
  ex-top-2 net=-26,093   halves: H1=-752 H2=-19,203
  first trade of day       n=  88 net=  -23,093 PF= 0.67 WR= 57% avg=   -262 ex-best=  -26,283
  re-entries (#2+)         n=  59 net=    3,137 PF= 1.10 WR= 63% avg=     53 ex-best=      190
 by weekday [ALL]
  Mon      n=  23 net=    1,178 PF= 1.12 WR= 70% avg=     51 ex-best=      148
  Tue      n=  43 net=    1,581 PF= 1.14 WR= 65% avg=     37 ex-best=      626
  Wed      n=  24 net=   -9,908 PF= 0.60 WR= 50% avg=   -413 ex-best=  -12,317
  Thu      n=  31 net=   -4,035 PF= 0.86 WR= 58% avg=   -130 ex-best=   -7,226
  Fri      n=  26 net=   -8,771 PF= 0.65 WR= 50% avg=   -337 ex-best=  -10,935
 by weekday [FIRST]
  Mon      n=  15 net=      -98 PF= 0.99 WR= 67% avg=     -7 ex-best=   -1,128
  Tue      n=  24 net=   -3,839 PF= 0.61 WR= 50% avg=   -160 ex-best=   -4,794
  Wed      n=  15 net=   -4,758 PF= 0.65 WR= 53% avg=   -317 ex-best=   -7,167
  Thu      n=  19 net=   -8,656 PF= 0.61 WR= 58% avg=   -456 ex-best=  -11,847
  Fri      n=  15 net=   -5,742 PF= 0.66 WR= 60% avg=   -383 ex-best=   -7,906
 by DTE [ALL] (0=expiry day, 6=day after expiry)
  DTE0     n=  43 net=    1,581 PF= 1.14 WR= 65% avg=     37 ex-best=      626
  DTE1     n=  23 net=    1,178 PF= 1.12 WR= 70% avg=     51 ex-best=      148
  DTE4     n=  26 net=   -8,771 PF= 0.65 WR= 50% avg=   -337 ex-best=  -10,935
  DTE5     n=  31 net=   -4,035 PF= 0.86 WR= 58% avg=   -130 ex-best=   -7,226
  DTE6     n=  24 net=   -9,908 PF= 0.60 WR= 50% avg=   -413 ex-best=  -12,317
  CE                       n=0
  PE                       n= 147 net=  -19,956 PF= 0.80 WR= 59% avg=   -136 ex-best=  -23,146
 exit reasons
  eod_square_off           n=  16 net=  -10,732 PF= 0.16 WR= 25% avg=   -671 ex-best=  -11,947
  stop                     n=  41 net=  -64,259 PF= 0.00 WR=  0% avg= -1,567 ex-best=  -63,947
  structure_break          n=   7 net=  -23,614 PF= 0.00 WR=  0% avg= -3,374 ex-best=  -23,146
  target                   n=   3 net=    1,462 PF=  inf WR=100% avg=    487 ex-best=      507
  trail                    n=  80 net=   77,187 PF=  inf WR=100% avg=    965 ex-best=   73,996
### exit=0 finished=2026-09-27T11:18:44Z
