### id=20260930T043238Z_analyze_8137 started=2026-09-30T04:33:32Z request: analyze r23

=== /home/ubuntu/backtest_engine/backend/data/historical/backtest_reports/s6_r23/EMA_PCR_Live_Convic_Q5Floor_current.csv
  trades=690 days_traded=451 net=86,529 est-net(-130/trade)=-3,171 PF=1.98 WR=70% avgW=361 avgL=-424 maxDD=5,084 Calmar=17.02 Sharpe(daily)=5.00 t=6.86
  ex-top-2 net=80,750   halves: H1=41,346 H2=45,183
  first trade of day       n= 451 net=   51,338 PF= 1.84 WR= 70% avg=    114 ex-best=   48,852
  re-entries (#2+)         n= 239 net=   35,191 PF= 2.32 WR= 69% avg=    147 ex-best=   31,899
 by weekday [ALL]
  Mon      n= 122 net=   22,130 PF= 2.27 WR= 78% avg=    181 ex-best=   20,572
  Tue      n= 133 net=   16,381 PF= 2.00 WR= 72% avg=    123 ex-best=   13,088
  Wed      n= 163 net=   19,304 PF= 2.06 WR= 69% avg=    118 ex-best=   16,818
  Thu      n= 141 net=    7,039 PF= 1.53 WR= 57% avg=     50 ex-best=    5,679
  Fri      n= 131 net=   21,675 PF= 1.96 WR= 76% avg=    165 ex-best=   20,311
 by weekday [FIRST]
  Mon      n=  86 net=   15,744 PF= 2.27 WR= 78% avg=    183 ex-best=   14,186
  Tue      n=  87 net=    5,872 PF= 1.46 WR= 70% avg=     67 ex-best=    4,702
  Wed      n=  99 net=   11,001 PF= 1.91 WR= 68% avg=    111 ex-best=    8,515
  Thu      n=  92 net=    3,519 PF= 1.36 WR= 60% avg=     38 ex-best=    2,159
  Fri      n=  87 net=   15,202 PF= 2.07 WR= 77% avg=    175 ex-best=   13,838
 by DTE [ALL] (0=expiry day, 6=day after expiry)
  DTE0     n= 141 net=    2,230 PF= 1.23 WR= 52% avg=     16 ex-best=    1,457
  DTE1     n= 154 net=   17,206 PF= 2.20 WR= 73% avg=    112 ex-best=   16,394
  DTE2     n= 106 net=   14,463 PF= 1.91 WR= 76% avg=    136 ex-best=   11,170
  DTE3     n= 103 net=   19,257 PF= 2.35 WR= 77% avg=    187 ex-best=   18,113
  DTE4     n=  23 net=    6,475 PF= 3.01 WR= 83% avg=    282 ex-best=    5,112
  DTE5     n=  31 net=    4,792 PF= 1.71 WR= 68% avg=    155 ex-best=    3,432
  DTE6     n= 132 net=   22,105 PF= 1.93 WR= 74% avg=    167 ex-best=   19,619
  CE                       n=  33 net=    9,460 PF= 3.48 WR= 73% avg=    287 ex-best=    6,974
  PE                       n= 657 net=   77,069 PF= 1.92 WR= 70% avg=    117 ex-best=   73,777
 exit reasons
  eod_square_off           n=   2 net=   -1,862 PF= 0.00 WR=  0% avg=   -931 ex-best=   -1,128
  stop                     n= 201 net=  -84,643 PF= 0.00 WR=  0% avg=   -421 ex-best=  -84,633
  structure_break          n=   4 net=   -1,352 PF= 0.00 WR=  0% avg=   -338 ex-best=   -1,128
  target                   n=  83 net=   35,558 PF=  inf WR=100% avg=    428 ex-best=   32,266
  trail                    n= 400 net=  138,828 PF=  inf WR=100% avg=    347 ex-best=  136,342
### exit=0 finished=2026-09-30T04:33:32Z
