### id=20260926T081900Z_analyze_4c06 started=2026-09-26T08:19:52Z request: analyze mt1

=== /home/ubuntu/backtest_engine/backend/data/historical/backtest_reports/s6_mt1/renko10_mt1_base_current.csv
  trades=786 days_traded=236 net=-173,937 est-net(-130/trade)=-276,117 PF=0.66 WR=32% avgW=1,342 avgL=-948 maxDD=178,990 Calmar=-0.97 Sharpe(daily)=-3.67 t=-3.60
  ex-top-2 net=-201,058   halves: H1=-73,112 H2=-100,825
  first trade of day       n= 236 net=  -14,112 PF= 0.90 WR= 35% avg=    -60 ex-best=  -31,795
  re-entries (#2+)         n= 550 net= -159,825 PF= 0.56 WR= 30% avg=   -291 ex-best= -169,263
 by weekday [ALL]
  Mon      n= 144 net=  -28,818 PF= 0.69 WR= 32% avg=   -200 ex-best=  -35,913
  Tue      n= 181 net=  -32,507 PF= 0.65 WR= 22% avg=   -180 ex-best=  -41,945
  Wed      n= 153 net=  -32,565 PF= 0.71 WR= 35% avg=   -213 ex-best=  -50,248
  Thu      n= 155 net=  -62,241 PF= 0.51 WR= 35% avg=   -402 ex-best=  -67,792
  Fri      n= 153 net=  -17,807 PF= 0.79 WR= 37% avg=   -116 ex-best=  -24,034
 by weekday [FIRST]
  Mon      n=  47 net=   -4,872 PF= 0.81 WR= 30% avg=   -104 ex-best=   -8,960
  Tue      n=  49 net=  -19,221 PF= 0.36 WR= 27% avg=   -392 ex-best=  -21,726
  Wed      n=  47 net=   29,152 PF= 2.00 WR= 49% avg=    620 ex-best=   11,469
  Thu      n=  46 net=  -11,472 PF= 0.62 WR= 30% avg=   -249 ex-best=  -15,779
  Fri      n=  47 net=   -7,699 PF= 0.72 WR= 40% avg=   -164 ex-best=  -11,905
 by DTE [ALL] (0=expiry day, 6=day after expiry)
  DTE0     n= 181 net=  -32,507 PF= 0.65 WR= 22% avg=   -180 ex-best=  -41,945
  DTE1     n= 144 net=  -28,818 PF= 0.69 WR= 32% avg=   -200 ex-best=  -35,913
  DTE4     n= 153 net=  -17,807 PF= 0.79 WR= 37% avg=   -116 ex-best=  -24,034
  DTE5     n= 155 net=  -62,241 PF= 0.51 WR= 35% avg=   -402 ex-best=  -67,792
  DTE6     n= 153 net=  -32,565 PF= 0.71 WR= 35% avg=   -213 ex-best=  -50,248
  CE                       n= 385 net= -110,932 PF= 0.52 WR= 31% avg=   -288 ex-best= -118,027
  PE                       n= 401 net=  -63,005 PF= 0.77 WR= 32% avg=   -157 ex-best=  -80,688
 exit reasons
  candle_reversal          n= 627 net= -128,346 PF= 0.66 WR= 33% avg=   -205 ex-best= -137,784
  eod_square_off           n=  52 net=   70,213 PF= 6.02 WR= 79% avg=  1,350 ex-best=   52,530
  stop                     n= 107 net= -115,804 PF= 0.00 WR=  0% avg= -1,082 ex-best= -115,671

=== /home/ubuntu/backtest_engine/backend/data/historical/backtest_reports/s6_mt1/renko10_mt2_mv50_current.csv
  trades=291 days_traded=155 net=-58,841 est-net(-130/trade)=-96,671 PF=0.69 WR=25% avgW=1,785 avgL=-868 maxDD=65,640 Calmar=-0.90 Sharpe(daily)=-2.04 t=-1.72
  ex-top-2 net=-92,173   halves: H1=-32,607 H2=-26,234
  first trade of day       n= 155 net=    3,052 PF= 1.03 WR= 30% avg=     20 ex-best=  -14,631
  re-entries (#2+)         n= 136 net=  -61,893 PF= 0.36 WR= 20% avg=   -455 ex-best=  -68,728
 by weekday [ALL]
  Mon      n=  61 net=  -21,323 PF= 0.49 WR= 28% avg=   -350 ex-best=  -27,414
  Tue      n=  60 net=  -24,947 PF= 0.19 WR= 12% avg=   -416 ex-best=  -27,089
  Wed      n=  57 net=   19,806 PF= 1.52 WR= 32% avg=    347 ex-best=    2,122
  Thu      n=  52 net=  -16,890 PF= 0.61 WR= 29% avg=   -325 ex-best=  -21,083
  Fri      n=  61 net=  -15,486 PF= 0.56 WR= 26% avg=   -254 ex-best=  -22,321
 by weekday [FIRST]
  Mon      n=  30 net=   -3,575 PF= 0.79 WR= 30% avg=   -119 ex-best=   -9,666
  Tue      n=  29 net=  -11,632 PF= 0.25 WR= 14% avg=   -401 ex-best=  -13,774
  Wed      n=  34 net=   35,753 PF= 2.98 WR= 44% avg=  1,052 ex-best=   18,070
  Thu      n=  29 net=   -4,179 PF= 0.81 WR= 31% avg=   -144 ex-best=   -8,372
  Fri      n=  33 net=  -13,315 PF= 0.31 WR= 27% avg=   -403 ex-best=  -14,524
 by DTE [ALL] (0=expiry day, 6=day after expiry)
  DTE0     n=  60 net=  -24,947 PF= 0.19 WR= 12% avg=   -416 ex-best=  -27,089
  DTE1     n=  61 net=  -21,323 PF= 0.49 WR= 28% avg=   -350 ex-best=  -27,414
  DTE4     n=  61 net=  -15,486 PF= 0.56 WR= 26% avg=   -254 ex-best=  -22,321
  DTE5     n=  52 net=  -16,890 PF= 0.61 WR= 29% avg=   -325 ex-best=  -21,083
  DTE6     n=  57 net=   19,806 PF= 1.52 WR= 32% avg=    347 ex-best=    2,122
  CE                       n= 138 net=  -19,045 PF= 0.76 WR= 25% avg=   -138 ex-best=  -34,694
  PE                       n= 153 net=  -39,796 PF= 0.64 WR= 25% avg=   -260 ex-best=  -57,480
 exit reasons
  brick_reversal           n= 234 net=  -94,052 PF= 0.42 WR= 24% avg=   -402 ex-best= -100,887
  eod_square_off           n=  23 net=   57,892 PF=20.15 WR= 78% avg=  2,517 ex-best=   40,209
  stop                     n=  34 net=  -22,682 PF= 0.00 WR=  0% avg=   -667 ex-best=  -22,464

=== /home/ubuntu/backtest_engine/backend/data/historical/backtest_reports/s6_mt1/renko10_mt3_s1_top_current.csv
  trades=100 days_traded=65 net=10,658 est-net(-130/trade)=-2,342 PF=1.24 WR=62% avgW=880 avgL=-1,156 maxDD=11,795 Calmar=0.90 Sharpe(daily)=1.62 t=0.88
  ex-top-2 net=6,568   halves: H1=2,067 H2=8,591
  first trade of day       n=  65 net=    3,341 PF= 1.11 WR= 60% avg=     51 ex-best=    1,228
  re-entries (#2+)         n=  35 net=    7,318 PF= 1.57 WR= 66% avg=    209 ex-best=    5,340
 by weekday [ALL]
  Mon      n=  17 net=     -414 PF= 0.95 WR= 65% avg=    -24 ex-best=   -1,656
  Tue      n=  24 net=    6,608 PF= 4.07 WR= 79% avg=    275 ex-best=    5,786
  Wed      n=  23 net=    8,957 PF= 1.96 WR= 57% avg=    389 ex-best=    6,979
  Thu      n=  19 net=       25 PF= 1.00 WR= 58% avg=      1 ex-best=   -2,088
  Fri      n=  17 net=   -4,517 PF= 0.63 WR= 47% avg=   -266 ex-best=   -5,782
 by weekday [FIRST]
  Mon      n=  11 net=    1,692 PF= 1.37 WR= 73% avg=    154 ex-best=      450
  Tue      n=  13 net=    3,674 PF= 4.17 WR= 77% avg=    283 ex-best=    2,858
  Wed      n=  14 net=    7,784 PF= 3.05 WR= 64% avg=    556 ex-best=    5,982
  Thu      n=  14 net=   -5,320 PF= 0.53 WR= 43% avg=   -380 ex-best=   -7,434
  Fri      n=  13 net=   -4,488 PF= 0.56 WR= 46% avg=   -345 ex-best=   -5,753
 by DTE [ALL] (0=expiry day, 6=day after expiry)
  DTE0     n=  24 net=    6,608 PF= 4.07 WR= 79% avg=    275 ex-best=    5,786
  DTE1     n=  17 net=     -414 PF= 0.95 WR= 65% avg=    -24 ex-best=   -1,656
  DTE4     n=  17 net=   -4,517 PF= 0.63 WR= 47% avg=   -266 ex-best=   -5,782
  DTE5     n=  19 net=       25 PF= 1.00 WR= 58% avg=      1 ex-best=   -2,088
  DTE6     n=  23 net=    8,957 PF= 1.96 WR= 57% avg=    389 ex-best=    6,979
  CE                       n=  29 net=   -4,938 PF= 0.74 WR= 45% avg=   -170 ex-best=   -7,051
  PE                       n=  71 net=   15,596 PF= 1.63 WR= 69% avg=    220 ex-best=   13,794
 exit reasons
  eod_square_off           n=  18 net=   -8,362 PF= 0.03 WR= 11% avg=   -465 ex-best=   -8,587
  stop                     n=  21 net=  -33,170 PF= 0.00 WR=  0% avg= -1,580 ex-best=  -32,880
  structure_break          n=   1 net=   -2,129 PF= 0.00 WR=  0% avg= -2,129 ex-best=        0
  target                   n=   2 net=    1,638 PF=  inf WR=100% avg=    819 ex-best=      816
  trail                    n=  58 net=   52,681 PF=  inf WR=100% avg=    908 ex-best=   50,568

=== /home/ubuntu/backtest_engine/backend/data/historical/backtest_reports/s6_mt1/renko10_mt4_fib_ema15_current.csv
  trades=643 days_traded=233 net=-126,857 est-net(-130/trade)=-210,447 PF=0.68 WR=33% avgW=1,295 avgL=-923 maxDD=130,738 Calmar=-0.97 Sharpe(daily)=-3.05 t=-3.00
  ex-top-2 net=-151,785   halves: H1=-57,249 H2=-69,608
  first trade of day       n= 233 net=  -17,394 PF= 0.88 WR= 35% avg=    -75 ex-best=  -35,077
  re-entries (#2+)         n= 410 net= -109,463 PF= 0.57 WR= 31% avg=   -267 ex-best= -116,708
 by weekday [ALL]
  Mon      n= 115 net=  -21,613 PF= 0.69 WR= 33% avg=   -188 ex-best=  -27,235
  Tue      n= 151 net=  -25,691 PF= 0.64 WR= 22% avg=   -170 ex-best=  -32,936
  Wed      n= 123 net=   -1,345 PF= 0.98 WR= 38% avg=    -11 ex-best=  -19,029
  Thu      n= 116 net=  -50,446 PF= 0.45 WR= 38% avg=   -435 ex-best=  -54,753
  Fri      n= 138 net=  -27,762 PF= 0.69 WR= 35% avg=   -201 ex-best=  -33,989
 by weekday [FIRST]
  Mon      n=  46 net=   -1,495 PF= 0.95 WR= 35% avg=    -33 ex-best=   -7,118
  Tue      n=  48 net=  -13,306 PF= 0.49 WR= 25% avg=   -277 ex-best=  -16,153
  Wed      n=  47 net=   23,774 PF= 1.72 WR= 45% avg=    506 ex-best=    6,090
  Thu      n=  45 net=  -10,926 PF= 0.61 WR= 36% avg=   -243 ex-best=  -15,233
  Fri      n=  47 net=  -15,441 PF= 0.49 WR= 36% avg=   -329 ex-best=  -19,646
 by DTE [ALL] (0=expiry day, 6=day after expiry)
  DTE0     n= 151 net=  -25,691 PF= 0.64 WR= 22% avg=   -170 ex-best=  -32,936
  DTE1     n= 115 net=  -21,613 PF= 0.69 WR= 33% avg=   -188 ex-best=  -27,235
  DTE4     n= 138 net=  -27,762 PF= 0.69 WR= 35% avg=   -201 ex-best=  -33,989
  DTE5     n= 116 net=  -50,446 PF= 0.45 WR= 38% avg=   -435 ex-best=  -54,753
  DTE6     n= 123 net=   -1,345 PF= 0.98 WR= 38% avg=    -11 ex-best=  -19,029
  CE                       n= 315 net=  -63,521 PF= 0.64 WR= 33% avg=   -202 ex-best=  -69,842
  PE                       n= 328 net=  -63,336 PF= 0.72 WR= 32% avg=   -193 ex-best=  -81,019
 exit reasons
  candle_reversal          n= 504 net=  -97,227 PF= 0.68 WR= 35% avg=   -193 ex-best= -104,296
  eod_square_off           n=  47 net=   59,290 PF= 6.95 WR= 72% avg=  1,261 ex-best=   41,606
  stop                     n=  92 net=  -88,920 PF= 0.00 WR=  0% avg=   -967 ex-best=  -88,800

=== /home/ubuntu/backtest_engine/backend/data/historical/backtest_reports/s6_mt1/renko10_mt5_ctrl_nofilter_current.csv
  trades=1007 days_traded=237 net=-151,236 est-net(-130/trade)=-282,146 PF=0.76 WR=31% avgW=1,518 avgL=-897 maxDD=168,821 Calmar=-0.90 Sharpe(daily)=-2.90 t=-2.76
  ex-top-2 net=-178,357   halves: H1=-68,370 H2=-82,865
  first trade of day       n= 237 net=  -23,771 PF= 0.84 WR= 34% avg=   -100 ex-best=  -30,839
  re-entries (#2+)         n= 770 net= -127,465 PF= 0.73 WR= 30% avg=   -166 ex-best= -145,148
 by weekday [ALL]
  Mon      n= 183 net=  -20,069 PF= 0.82 WR= 38% avg=   -110 ex-best=  -26,998
  Tue      n= 236 net=  -58,617 PF= 0.56 WR= 19% avg=   -248 ex-best=  -68,055
  Wed      n= 198 net=  -32,146 PF= 0.77 WR= 30% avg=   -162 ex-best=  -49,829
  Thu      n= 194 net=  -34,781 PF= 0.75 WR= 34% avg=   -179 ex-best=  -41,951
  Fri      n= 196 net=   -5,623 PF= 0.94 WR= 37% avg=    -29 ex-best=  -14,255
 by weekday [FIRST]
  Mon      n=  47 net=   -1,999 PF= 0.92 WR= 36% avg=    -43 ex-best=   -6,370
  Tue      n=  49 net=  -14,700 PF= 0.55 WR= 31% avg=   -300 ex-best=  -19,718
  Wed      n=  48 net=     -198 PF= 0.99 WR= 33% avg=     -4 ex-best=   -7,267
  Thu      n=  46 net=   -9,438 PF= 0.70 WR= 26% avg=   -205 ex-best=  -15,476
  Fri      n=  47 net=    2,564 PF= 1.11 WR= 45% avg=     55 ex-best=   -1,879
 by DTE [ALL] (0=expiry day, 6=day after expiry)
  DTE0     n= 236 net=  -58,617 PF= 0.56 WR= 19% avg=   -248 ex-best=  -68,055
  DTE1     n= 183 net=  -20,069 PF= 0.82 WR= 38% avg=   -110 ex-best=  -26,998
  DTE4     n= 196 net=   -5,623 PF= 0.94 WR= 37% avg=    -29 ex-best=  -14,255
  DTE5     n= 194 net=  -34,781 PF= 0.75 WR= 34% avg=   -179 ex-best=  -41,951
  DTE6     n= 198 net=  -32,146 PF= 0.77 WR= 30% avg=   -162 ex-best=  -49,829
  CE                       n= 490 net=  -92,329 PF= 0.68 WR= 32% avg=   -188 ex-best=  -99,258
  PE                       n= 517 net=  -58,906 PF= 0.82 WR= 30% avg=   -114 ex-best=  -76,590
 exit reasons
  candle_reversal          n= 800 net= -118,170 PF= 0.75 WR= 32% avg=   -148 ex-best= -127,608
  eod_square_off           n=  63 net=  101,852 PF=12.25 WR= 86% avg=  1,617 ex-best=   84,168
  stop                     n= 143 net= -142,902 PF= 0.00 WR=  0% avg=   -999 ex-best= -142,812
  target                   n=   1 net=    7,985 PF=  inf WR=100% avg=  7,985 ex-best=        0

=== /home/ubuntu/backtest_engine/backend/data/historical/backtest_reports/s6_mt1/renko10_mt6_ctrl_cb1_nofilter_current.csv
  trades=1077 days_traded=237 net=-171,187 est-net(-130/trade)=-311,197 PF=0.74 WR=31% avgW=1,443 avgL=-879 maxDD=185,750 Calmar=-0.92 Sharpe(daily)=-3.23 t=-3.12
  ex-top-2 net=-198,510   halves: H1=-67,525 H2=-103,662
  first trade of day       n= 237 net=  -27,274 PF= 0.82 WR= 35% avg=   -115 ex-best=  -34,343
  re-entries (#2+)         n= 840 net= -143,913 PF= 0.71 WR= 30% avg=   -171 ex-best= -161,596
 by weekday [ALL]
  Mon      n= 201 net=  -22,347 PF= 0.81 WR= 34% avg=   -111 ex-best=  -29,624
  Tue      n= 247 net=  -60,073 PF= 0.56 WR= 19% avg=   -243 ex-best=  -69,712
  Wed      n= 213 net=  -34,668 PF= 0.76 WR= 32% avg=   -163 ex-best=  -52,351
  Thu      n= 203 net=  -43,664 PF= 0.71 WR= 33% avg=   -215 ex-best=  -52,010
  Fri      n= 213 net=  -10,436 PF= 0.90 WR= 38% avg=    -49 ex-best=  -16,663
 by weekday [FIRST]
  Mon      n=  47 net=   -4,690 PF= 0.84 WR= 34% avg=   -100 ex-best=  -10,247
  Tue      n=  49 net=  -10,696 PF= 0.67 WR= 31% avg=   -218 ex-best=  -16,182
  Wed      n=  48 net=   -1,911 PF= 0.95 WR= 35% avg=    -40 ex-best=   -8,980
  Thu      n=  46 net=  -15,896 PF= 0.54 WR= 28% avg=   -346 ex-best=  -21,934
  Fri      n=  47 net=    5,918 PF= 1.30 WR= 49% avg=    126 ex-best=    1,475
 by DTE [ALL] (0=expiry day, 6=day after expiry)
  DTE0     n= 247 net=  -60,073 PF= 0.56 WR= 19% avg=   -243 ex-best=  -69,712
  DTE1     n= 201 net=  -22,347 PF= 0.81 WR= 34% avg=   -111 ex-best=  -29,624
  DTE4     n= 213 net=  -10,436 PF= 0.90 WR= 38% avg=    -49 ex-best=  -16,663
  DTE5     n= 203 net=  -43,664 PF= 0.71 WR= 33% avg=   -215 ex-best=  -52,010
  DTE6     n= 213 net=  -34,668 PF= 0.76 WR= 32% avg=   -163 ex-best=  -52,351
  CE                       n= 531 net=  -91,055 PF= 0.69 WR= 32% avg=   -171 ex-best=  -98,332
  PE                       n= 546 net=  -80,132 PF= 0.78 WR= 30% avg=   -147 ex-best=  -97,815
 exit reasons
  candle_reversal          n= 882 net= -129,249 PF= 0.74 WR= 33% avg=   -147 ex-best= -138,889
  eod_square_off           n=  55 net=   93,606 PF=10.79 WR= 82% avg=  1,702 ex-best=   75,923
  stop                     n= 139 net= -143,530 PF= 0.00 WR=  0% avg= -1,033 ex-best= -143,455
  target                   n=   1 net=    7,985 PF=  inf WR=100% avg=  7,985 ex-best=        0
### exit=0 finished=2026-09-26T08:19:52Z
