### id=20260927T111900Z_analyze_f6ce started=2026-09-27T11:19:54Z request: analyze w13d

=== /home/ubuntu/backtest_engine/backend/data/historical/backtest_reports/s6_w13d/w12_base_msd1_current.csv
  trades=359 days_traded=236 net=-43,063 est-net(-130/trade)=-89,733 PF=0.81 WR=33% avgW=1,515 avgL=-945 maxDD=65,387 Calmar=-0.66 Sharpe(daily)=-1.34 t=-1.27
  ex-top-2 net=-67,815   halves: H1=-15,889 H2=-27,173
  first trade of day       n= 236 net=  -12,305 PF= 0.91 WR= 35% avg=    -52 ex-best=  -29,988
  re-entries (#2+)         n= 123 net=  -30,758 PF= 0.62 WR= 30% avg=   -250 ex-best=  -36,212
 by weekday [ALL]
  Mon      n=  69 net=      231 PF= 1.01 WR= 35% avg=      3 ex-best=   -3,858
  Tue      n=  75 net=  -29,081 PF= 0.36 WR= 20% avg=   -388 ex-best=  -32,175
  Wed      n=  73 net=    5,177 PF= 1.09 WR= 40% avg=     71 ex-best=  -12,506
  Thu      n=  75 net=  -11,586 PF= 0.75 WR= 36% avg=   -154 ex-best=  -15,892
  Fri      n=  67 net=   -7,803 PF= 0.78 WR= 37% avg=   -116 ex-best=  -13,257
 by weekday [FIRST]
  Mon      n=  47 net=   -4,872 PF= 0.81 WR= 30% avg=   -104 ex-best=   -8,960
  Tue      n=  49 net=  -18,775 PF= 0.37 WR= 27% avg=   -383 ex-best=  -21,281
  Wed      n=  47 net=   29,620 PF= 2.01 WR= 49% avg=    630 ex-best=   11,937
  Thu      n=  46 net=  -11,472 PF= 0.62 WR= 30% avg=   -249 ex-best=  -15,779
  Fri      n=  47 net=   -6,806 PF= 0.75 WR= 40% avg=   -145 ex-best=  -11,011
 by DTE [ALL] (0=expiry day, 6=day after expiry)
  DTE0     n=  75 net=  -29,081 PF= 0.36 WR= 20% avg=   -388 ex-best=  -32,175
  DTE1     n=  69 net=      231 PF= 1.01 WR= 35% avg=      3 ex-best=   -3,858
  DTE4     n=  67 net=   -7,803 PF= 0.78 WR= 37% avg=   -116 ex-best=  -13,257
  DTE5     n=  75 net=  -11,586 PF= 0.75 WR= 36% avg=   -154 ex-best=  -15,892
  DTE6     n=  73 net=    5,177 PF= 1.09 WR= 40% avg=     71 ex-best=  -12,506
  CE                       n= 179 net=  -48,152 PF= 0.58 WR= 32% avg=   -269 ex-best=  -54,473
  PE                       n= 180 net=    5,089 PF= 1.05 WR= 35% avg=     28 ex-best=  -12,594
 exit reasons
  candle_reversal          n= 300 net=  -24,807 PF= 0.85 WR= 35% avg=    -83 ex-best=  -31,876
  eod_square_off           n=  18 net=   37,716 PF=11.81 WR= 89% avg=  2,095 ex-best=   20,033
  stop                     n=  41 net=  -55,972 PF= 0.00 WR=  0% avg= -1,365 ex-best=  -55,712

=== /home/ubuntu/backtest_engine/backend/data/historical/backtest_reports/s6_w13d/w12_base_pe_msd1_current.csv
  trades=182 days_traded=182 net=2,571 est-net(-130/trade)=-21,089 PF=1.02 WR=35% avgW=1,877 avgL=-972 maxDD=35,227 Calmar=0.07 Sharpe(daily)=0.10 t=0.09
  ex-top-2 net=-23,459   halves: H1=12,298 H2=-9,727
  first trade of day       n= 182 net=    2,571 PF= 1.02 WR= 35% avg=     14 ex-best=  -15,113
  re-entries (#2+)         n=0
 by weekday [ALL]
  Mon      n=  32 net=   -1,976 PF= 0.91 WR= 28% avg=    -62 ex-best=   -6,065
  Tue      n=  40 net=  -13,042 PF= 0.42 WR= 25% avg=   -326 ex-best=  -16,136
  Wed      n=  37 net=   16,887 PF= 1.60 WR= 41% avg=    456 ex-best=     -796
  Thu      n=  41 net=   -7,429 PF= 0.74 WR= 34% avg=   -181 ex-best=  -11,736
  Fri      n=  32 net=    8,131 PF= 1.58 WR= 47% avg=    254 ex-best=     -215
 by weekday [FIRST]
  Mon      n=  32 net=   -1,976 PF= 0.91 WR= 28% avg=    -62 ex-best=   -6,065
  Tue      n=  40 net=  -13,042 PF= 0.42 WR= 25% avg=   -326 ex-best=  -16,136
  Wed      n=  37 net=   16,887 PF= 1.60 WR= 41% avg=    456 ex-best=     -796
  Thu      n=  41 net=   -7,429 PF= 0.74 WR= 34% avg=   -181 ex-best=  -11,736
  Fri      n=  32 net=    8,131 PF= 1.58 WR= 47% avg=    254 ex-best=     -215
 by DTE [ALL] (0=expiry day, 6=day after expiry)
  DTE0     n=  40 net=  -13,042 PF= 0.42 WR= 25% avg=   -326 ex-best=  -16,136
  DTE1     n=  32 net=   -1,976 PF= 0.91 WR= 28% avg=    -62 ex-best=   -6,065
  DTE4     n=  32 net=    8,131 PF= 1.58 WR= 47% avg=    254 ex-best=     -215
  DTE5     n=  41 net=   -7,429 PF= 0.74 WR= 34% avg=   -181 ex-best=  -11,736
  DTE6     n=  37 net=   16,887 PF= 1.60 WR= 41% avg=    456 ex-best=     -796
  CE                       n=0
  PE                       n= 182 net=    2,571 PF= 1.02 WR= 35% avg=     14 ex-best=  -15,113
 exit reasons
  candle_reversal          n= 152 net=   -6,286 PF= 0.93 WR= 35% avg=    -41 ex-best=  -14,632
  eod_square_off           n=  11 net=   32,809 PF=124.11 WR= 91% avg=  2,983 ex-best=   15,125
  stop                     n=  19 net=  -23,952 PF= 0.00 WR=  0% avg= -1,261 ex-best=  -23,692

=== /home/ubuntu/backtest_engine/backend/data/historical/backtest_reports/s6_w13d/w12_h1_15m_fib_mv50_current.csv
  trades=201 days_traded=152 net=-43,511 est-net(-130/trade)=-69,641 PF=0.67 WR=23% avgW=1,854 avgL=-848 maxDD=43,771 Calmar=-0.99 Sharpe(daily)=-2.19 t=-1.71
  ex-top-2 net=-65,939   halves: H1=-17,238 H2=-26,273
  first trade of day       n= 152 net=  -30,839 PF= 0.68 WR= 24% avg=   -203 ex-best=  -36,930
  re-entries (#2+)         n=  49 net=  -12,672 PF= 0.63 WR= 22% avg=   -259 ex-best=  -29,010
 by weekday [ALL]
  Mon      n=  39 net=  -10,442 PF= 0.60 WR= 26% avg=   -268 ex-best=  -16,533
  Tue      n=  35 net=  -11,720 PF= 0.35 WR= 11% avg=   -335 ex-best=  -14,524
  Wed      n=  36 net=    1,937 PF= 1.07 WR= 22% avg=     54 ex-best=  -14,401
  Thu      n=  47 net=   -6,260 PF= 0.80 WR= 32% avg=   -133 ex-best=  -11,836
  Fri      n=  44 net=  -17,027 PF= 0.39 WR= 23% avg=   -387 ex-best=  -20,166
 by weekday [FIRST]
  Mon      n=  30 net=   -3,725 PF= 0.78 WR= 27% avg=   -124 ex-best=   -9,815
  Tue      n=  27 net=   -7,517 PF= 0.46 WR= 15% avg=   -278 ex-best=  -10,322
  Wed      n=  28 net=   -9,890 PF= 0.54 WR= 18% avg=   -353 ex-best=  -14,095
  Thu      n=  35 net=   -1,138 PF= 0.95 WR= 31% avg=    -32 ex-best=   -6,714
  Fri      n=  32 net=   -8,570 PF= 0.54 WR= 25% avg=   -268 ex-best=  -11,710
 by DTE [ALL] (0=expiry day, 6=day after expiry)
  DTE0     n=  35 net=  -11,720 PF= 0.35 WR= 11% avg=   -335 ex-best=  -14,524
  DTE1     n=  39 net=  -10,442 PF= 0.60 WR= 26% avg=   -268 ex-best=  -16,533
  DTE4     n=  44 net=  -17,027 PF= 0.39 WR= 23% avg=   -387 ex-best=  -20,166
  DTE5     n=  47 net=   -6,260 PF= 0.80 WR= 32% avg=   -133 ex-best=  -11,836
  DTE6     n=  36 net=    1,937 PF= 1.07 WR= 22% avg=     54 ex-best=  -14,401
  CE                       n= 105 net=  -26,133 PF= 0.59 WR= 23% avg=   -249 ex-best=  -31,710
  PE                       n=  96 net=  -17,378 PF= 0.74 WR= 24% avg=   -181 ex-best=  -33,716
 exit reasons
  brick_reversal           n= 157 net=  -52,725 PF= 0.50 WR= 22% avg=   -336 ex-best=  -58,815
  eod_square_off           n=  17 net=   31,096 PF=11.87 WR= 71% avg=  1,829 ex-best=   14,758
  stop                     n=  27 net=  -21,882 PF= 0.00 WR=  0% avg=   -810 ex-best=  -21,661

=== /home/ubuntu/backtest_engine/backend/data/historical/backtest_reports/s6_w13d/w12_h2_15m_fib_ema15_current.csv
  trades=156 days_traded=135 net=-14,970 est-net(-130/trade)=-35,250 PF=0.85 WR=26% avgW=2,050 avgL=-861 maxDD=20,644 Calmar=-0.73 Sharpe(daily)=-0.79 t=-0.58
  ex-top-2 net=-38,743   halves: H1=-4,033 H2=-10,936
  first trade of day       n= 135 net=   -6,084 PF= 0.93 WR= 24% avg=    -45 ex-best=  -23,767
  re-entries (#2+)         n=  21 net=   -8,886 PF= 0.39 WR= 38% avg=   -423 ex-best=  -10,728
 by weekday [ALL]
  Mon      n=  32 net=   -3,712 PF= 0.82 WR= 28% avg=   -116 ex-best=   -9,802
  Tue      n=  31 net=   -7,862 PF= 0.45 WR= 13% avg=   -254 ex-best=  -10,666
  Wed      n=  27 net=    9,565 PF= 1.47 WR= 26% avg=    354 ex-best=   -8,118
  Thu      n=  32 net=   -3,529 PF= 0.86 WR= 34% avg=   -110 ex-best=   -9,106
  Fri      n=  34 net=   -9,432 PF= 0.51 WR= 29% avg=   -277 ex-best=  -12,571
 by weekday [FIRST]
  Mon      n=  28 net=   -4,319 PF= 0.78 WR= 25% avg=   -154 ex-best=  -10,410
  Tue      n=  27 net=   -5,558 PF= 0.53 WR= 15% avg=   -206 ex-best=   -8,362
  Wed      n=  24 net=   12,451 PF= 1.73 WR= 25% avg=    519 ex-best=   -5,232
  Thu      n=  27 net=   -2,184 PF= 0.90 WR= 30% avg=    -81 ex-best=   -7,761
  Fri      n=  29 net=   -6,474 PF= 0.55 WR= 28% avg=   -223 ex-best=   -9,614
 by DTE [ALL] (0=expiry day, 6=day after expiry)
  DTE0     n=  31 net=   -7,862 PF= 0.45 WR= 13% avg=   -254 ex-best=  -10,666
  DTE1     n=  32 net=   -3,712 PF= 0.82 WR= 28% avg=   -116 ex-best=   -9,802
  DTE4     n=  34 net=   -9,432 PF= 0.51 WR= 29% avg=   -277 ex-best=  -12,571
  DTE5     n=  32 net=   -3,529 PF= 0.86 WR= 34% avg=   -110 ex-best=   -9,106
  DTE6     n=  27 net=    9,565 PF= 1.47 WR= 26% avg=    354 ex-best=   -8,118
  CE                       n=  80 net=  -15,272 PF= 0.68 WR= 25% avg=   -191 ex-best=  -20,849
  PE                       n=  76 net=      302 PF= 1.01 WR= 28% avg=      4 ex-best=  -17,381
 exit reasons
  brick_reversal           n= 117 net=  -33,729 PF= 0.58 WR= 24% avg=   -288 ex-best=  -39,819
  eod_square_off           n=  18 net=   34,229 PF=12.97 WR= 72% avg=  1,902 ex-best=   16,546
  stop                     n=  21 net=  -15,470 PF= 0.00 WR=  0% avg=   -737 ex-best=  -15,249

=== /home/ubuntu/backtest_engine/backend/data/historical/backtest_reports/s6_w13d/w12_h4_15m_fib_nocap_current.csv
  trades=299 days_traded=233 net=-63,349 est-net(-130/trade)=-102,219 PF=0.71 WR=27% avgW=1,951 avgL=-1,002 maxDD=65,003 Calmar=-0.97 Sharpe(daily)=-1.87 t=-1.81
  ex-top-2 net=-93,100   halves: H1=-41,902 H2=-21,447
  first trade of day       n= 233 net=  -50,258 PF= 0.71 WR= 25% avg=   -216 ex-best=  -67,941
  re-entries (#2+)         n=  66 net=  -13,091 PF= 0.71 WR= 33% avg=   -198 ex-best=  -18,668
 by weekday [ALL]
  Mon      n=  60 net=   -5,649 PF= 0.87 WR= 33% avg=    -94 ex-best=  -12,097
  Tue      n=  60 net=     -182 PF= 0.99 WR= 22% avg=     -3 ex-best=  -12,249
  Wed      n=  63 net=   -4,635 PF= 0.91 WR= 24% avg=    -74 ex-best=  -22,318
  Thu      n=  59 net=  -22,409 PF= 0.54 WR= 27% avg=   -380 ex-best=  -27,986
  Fri      n=  57 net=  -30,475 PF= 0.34 WR= 28% avg=   -535 ex-best=  -33,615
 by weekday [FIRST]
  Mon      n=  46 net=   -9,103 PF= 0.76 WR= 28% avg=   -198 ex-best=  -15,551
  Tue      n=  48 net=     -825 PF= 0.97 WR= 19% avg=    -17 ex-best=  -12,893
  Wed      n=  47 net=    7,452 PF= 1.21 WR= 28% avg=    159 ex-best=  -10,231
  Thu      n=  45 net=  -23,914 PF= 0.41 WR= 22% avg=   -531 ex-best=  -27,875
  Fri      n=  47 net=  -23,868 PF= 0.34 WR= 28% avg=   -508 ex-best=  -27,007
 by DTE [ALL] (0=expiry day, 6=day after expiry)
  DTE0     n=  60 net=     -182 PF= 0.99 WR= 22% avg=     -3 ex-best=  -12,249
  DTE1     n=  60 net=   -5,649 PF= 0.87 WR= 33% avg=    -94 ex-best=  -12,097
  DTE4     n=  57 net=  -30,475 PF= 0.34 WR= 28% avg=   -535 ex-best=  -33,615
  DTE5     n=  59 net=  -22,409 PF= 0.54 WR= 27% avg=   -380 ex-best=  -27,986
  DTE6     n=  63 net=   -4,635 PF= 0.91 WR= 24% avg=    -74 ex-best=  -22,318
  CE                       n= 145 net=  -35,243 PF= 0.63 WR= 28% avg=   -243 ex-best=  -40,820
  PE                       n= 154 net=  -28,106 PF= 0.78 WR= 26% avg=   -183 ex-best=  -45,789
 exit reasons
  brick_reversal           n= 231 net=  -90,038 PF= 0.50 WR= 26% avg=   -390 ex-best=  -96,486
  eod_square_off           n=  30 net=   60,154 PF=12.04 WR= 70% avg=  2,005 ex-best=   42,471
  stop                     n=  38 net=  -33,465 PF= 0.00 WR=  0% avg=   -881 ex-best=  -33,205

=== /home/ubuntu/backtest_engine/backend/data/historical/backtest_reports/s6_w13d/w12_h6_5m_fib_cc5_current.csv
  trades=253 days_traded=219 net=-47,671 est-net(-130/trade)=-80,561 PF=0.73 WR=28% avgW=1,814 avgL=-985 maxDD=55,091 Calmar=-0.87 Sharpe(daily)=-1.60 t=-1.46
  ex-top-2 net=-72,423   halves: H1=-21,148 H2=-26,523
  first trade of day       n= 219 net=  -29,611 PF= 0.80 WR= 29% avg=   -135 ex-best=  -47,294
  re-entries (#2+)         n=  34 net=  -18,060 PF= 0.43 WR= 26% avg=   -531 ex-best=  -21,811
 by weekday [ALL]
  Mon      n=  52 net=  -17,901 PF= 0.57 WR= 27% avg=   -344 ex-best=  -22,422
  Tue      n=  52 net=  -16,396 PF= 0.38 WR= 19% avg=   -315 ex-best=  -18,434
  Wed      n=  52 net=   12,662 PF= 1.32 WR= 33% avg=    244 ex-best=   -5,021
  Thu      n=  47 net=  -20,943 PF= 0.48 WR= 28% avg=   -446 ex-best=  -24,966
  Fri      n=  50 net=   -5,093 PF= 0.83 WR= 36% avg=   -102 ex-best=   -9,119
 by weekday [FIRST]
  Mon      n=  44 net=  -15,178 PF= 0.58 WR= 30% avg=   -345 ex-best=  -19,698
  Tue      n=  46 net=  -16,325 PF= 0.29 WR= 17% avg=   -355 ex-best=  -18,223
  Wed      n=  45 net=   22,630 PF= 1.83 WR= 33% avg=    503 ex-best=    4,947
  Thu      n=  41 net=  -17,023 PF= 0.51 WR= 27% avg=   -415 ex-best=  -21,047
  Fri      n=  43 net=   -3,715 PF= 0.85 WR= 37% avg=    -86 ex-best=   -7,741
 by DTE [ALL] (0=expiry day, 6=day after expiry)
  DTE0     n=  52 net=  -16,396 PF= 0.38 WR= 19% avg=   -315 ex-best=  -18,434
  DTE1     n=  52 net=  -17,901 PF= 0.57 WR= 27% avg=   -344 ex-best=  -22,422
  DTE4     n=  50 net=   -5,093 PF= 0.83 WR= 36% avg=   -102 ex-best=   -9,119
  DTE5     n=  47 net=  -20,943 PF= 0.48 WR= 28% avg=   -446 ex-best=  -24,966
  DTE6     n=  52 net=   12,662 PF= 1.32 WR= 33% avg=    244 ex-best=   -5,021
  CE                       n= 126 net=  -34,921 PF= 0.57 WR= 29% avg=   -277 ex-best=  -41,015
  PE                       n= 127 net=  -12,750 PF= 0.87 WR= 28% avg=   -100 ex-best=  -30,433
 exit reasons
  candle_reversal          n= 203 net=  -42,328 PF= 0.68 WR= 30% avg=   -209 ex-best=  -49,397
  eod_square_off           n=  16 net=   36,540 PF=11.92 WR= 69% avg=  2,284 ex-best=   18,857
  stop                     n=  34 net=  -41,883 PF= 0.00 WR=  0% avg= -1,232 ex-best=  -41,740

=== /home/ubuntu/backtest_engine/backend/data/historical/backtest_reports/s6_w13d/w12_mv50_msd1_current.csv
  trades=161 days_traded=155 net=-2,073 est-net(-130/trade)=-23,003 PF=0.98 WR=29% avgW=2,076 avgL=-848 maxDD=16,845 Calmar=-0.12 Sharpe(daily)=-0.09 t=-0.07
  ex-top-2 net=-35,405   halves: H1=7,082 H2=-9,155
  first trade of day       n= 155 net=    3,211 PF= 1.03 WR= 30% avg=     21 ex-best=  -14,472
  re-entries (#2+)         n=   6 net=   -5,284 PF= 0.00 WR=  0% avg=   -881 ex-best=   -5,112
 by weekday [ALL]
  Mon      n=  31 net=   -4,654 PF= 0.75 WR= 29% avg=   -150 ex-best=  -10,744
  Tue      n=  29 net=  -11,473 PF= 0.26 WR= 14% avg=   -396 ex-best=  -13,614
  Wed      n=  35 net=   34,249 PF= 2.75 WR= 43% avg=    979 ex-best=   16,565
  Thu      n=  30 net=   -4,439 PF= 0.80 WR= 30% avg=   -148 ex-best=   -8,632
  Fri      n=  36 net=  -15,756 PF= 0.27 WR= 25% avg=   -438 ex-best=  -16,965
 by weekday [FIRST]
  Mon      n=  30 net=   -3,575 PF= 0.79 WR= 30% avg=   -119 ex-best=   -9,666
  Tue      n=  29 net=  -11,473 PF= 0.26 WR= 14% avg=   -396 ex-best=  -13,614
  Wed      n=  34 net=   35,753 PF= 2.98 WR= 44% avg=  1,052 ex-best=   18,070
  Thu      n=  29 net=   -4,179 PF= 0.81 WR= 31% avg=   -144 ex-best=   -8,372
  Fri      n=  33 net=  -13,315 PF= 0.31 WR= 27% avg=   -403 ex-best=  -14,524
 by DTE [ALL] (0=expiry day, 6=day after expiry)
  DTE0     n=  29 net=  -11,473 PF= 0.26 WR= 14% avg=   -396 ex-best=  -13,614
  DTE1     n=  31 net=   -4,654 PF= 0.75 WR= 29% avg=   -150 ex-best=  -10,744
  DTE4     n=  36 net=  -15,756 PF= 0.27 WR= 25% avg=   -438 ex-best=  -16,965
  DTE5     n=  30 net=   -4,439 PF= 0.80 WR= 30% avg=   -148 ex-best=   -8,632
  DTE6     n=  35 net=   34,249 PF= 2.75 WR= 43% avg=    979 ex-best=   16,565
  CE                       n=  80 net=   -3,747 PF= 0.92 WR= 24% avg=    -47 ex-best=  -19,396
  PE                       n=  81 net=    1,674 PF= 1.03 WR= 33% avg=     21 ex-best=  -16,009
 exit reasons
  brick_reversal           n= 137 net=  -38,522 PF= 0.56 WR= 26% avg=   -281 ex-best=  -44,613
  eod_square_off           n=  12 net=   46,400 PF=45.06 WR= 83% avg=  3,867 ex-best=   28,717
  stop                     n=  12 net=   -9,952 PF= 0.00 WR=  0% avg=   -829 ex-best=   -9,542

=== /home/ubuntu/backtest_engine/backend/data/historical/backtest_reports/s6_w13d/w12_pd3_e4_current.csv
  trades=356 days_traded=237 net=-44,460 est-net(-130/trade)=-90,740 PF=0.80 WR=33% avgW=1,520 avgL=-955 maxDD=64,116 Calmar=-0.69 Sharpe(daily)=-1.36 t=-1.30
  ex-top-2 net=-69,212   halves: H1=-21,401 H2=-23,059
  first trade of day       n= 237 net=  -16,065 PF= 0.89 WR= 35% avg=    -68 ex-best=  -33,748
  re-entries (#2+)         n= 119 net=  -28,395 PF= 0.65 WR= 30% avg=   -239 ex-best=  -33,946
 by weekday [ALL]
  Mon      n=  69 net=   -1,684 PF= 0.95 WR= 35% avg=    -24 ex-best=   -5,772
  Tue      n=  74 net=  -29,939 PF= 0.33 WR= 20% avg=   -405 ex-best=  -33,033
  Wed      n=  74 net=      569 PF= 1.01 WR= 36% avg=      8 ex-best=  -17,115
  Thu      n=  72 net=   -1,540 PF= 0.96 WR= 39% avg=    -21 ex-best=   -7,091
  Fri      n=  67 net=  -11,866 PF= 0.69 WR= 37% avg=   -177 ex-best=  -17,319
 by weekday [FIRST]
  Mon      n=  47 net=   -6,006 PF= 0.78 WR= 30% avg=   -128 ex-best=  -10,095
  Tue      n=  49 net=  -20,780 PF= 0.31 WR= 27% avg=   -424 ex-best=  -23,286
  Wed      n=  48 net=   24,732 PF= 1.78 WR= 42% avg=    515 ex-best=    7,049
  Thu      n=  46 net=   -5,710 PF= 0.80 WR= 35% avg=   -124 ex-best=   -9,662
  Fri      n=  47 net=   -8,300 PF= 0.69 WR= 43% avg=   -177 ex-best=  -11,567
 by DTE [ALL] (0=expiry day, 6=day after expiry)
  DTE0     n=  74 net=  -29,939 PF= 0.33 WR= 20% avg=   -405 ex-best=  -33,033
  DTE1     n=  69 net=   -1,684 PF= 0.95 WR= 35% avg=    -24 ex-best=   -5,772
  DTE4     n=  67 net=  -11,866 PF= 0.69 WR= 37% avg=   -177 ex-best=  -17,319
  DTE5     n=  72 net=   -1,540 PF= 0.96 WR= 39% avg=    -21 ex-best=   -7,091
  DTE6     n=  74 net=      569 PF= 1.01 WR= 36% avg=      8 ex-best=  -17,115
  CE                       n= 175 net=  -44,106 PF= 0.61 WR= 32% avg=   -252 ex-best=  -50,427
  PE                       n= 181 net=     -354 PF= 1.00 WR= 35% avg=     -2 ex-best=  -18,038
 exit reasons
  candle_reversal          n= 294 net=  -31,876 PF= 0.81 WR= 34% avg=   -108 ex-best=  -38,945
  eod_square_off           n=  22 net=   42,712 PF= 9.45 WR= 82% avg=  1,941 ex-best=   25,028
  stop                     n=  40 net=  -55,296 PF= 0.00 WR=  0% avg= -1,382 ex-best=  -55,036

=== /home/ubuntu/backtest_engine/backend/data/historical/backtest_reports/s6_w13d/w12_pd4_tf5x5_current.csv
  trades=435 days_traded=237 net=-43,787 est-net(-130/trade)=-100,337 PF=0.84 WR=33% avgW=1,585 avgL=-918 maxDD=63,658 Calmar=-0.69 Sharpe(daily)=-1.20 t=-1.17
  ex-top-2 net=-69,456   halves: H1=-11,047 H2=-32,740
  first trade of day       n= 237 net=   -9,974 PF= 0.93 WR= 35% avg=    -42 ex-best=  -27,658
  re-entries (#2+)         n= 198 net=  -33,813 PF= 0.72 WR= 29% avg=   -171 ex-best=  -41,798
 by weekday [ALL]
  Mon      n=  85 net=  -13,315 PF= 0.75 WR= 29% avg=   -157 ex-best=  -20,371
  Tue      n=  92 net=  -25,516 PF= 0.55 WR= 24% avg=   -277 ex-best=  -33,501
  Wed      n=  85 net=   20,491 PF= 1.36 WR= 42% avg=    241 ex-best=    2,808
  Thu      n=  90 net=  -18,011 PF= 0.70 WR= 30% avg=   -200 ex-best=  -22,503
  Fri      n=  83 net=   -7,436 PF= 0.82 WR= 39% avg=    -90 ex-best=  -11,642
 by weekday [FIRST]
  Mon      n=  47 net=   -6,806 PF= 0.76 WR= 32% avg=   -145 ex-best=  -10,894
  Tue      n=  49 net=  -16,682 PF= 0.48 WR= 31% avg=   -340 ex-best=  -20,745
  Wed      n=  48 net=   27,339 PF= 1.94 WR= 48% avg=    570 ex-best=    9,656
  Thu      n=  46 net=  -13,601 PF= 0.59 WR= 26% avg=   -296 ex-best=  -17,907
  Fri      n=  47 net=     -224 PF= 0.99 WR= 40% avg=     -5 ex-best=   -4,430
 by DTE [ALL] (0=expiry day, 6=day after expiry)
  DTE0     n=  92 net=  -25,516 PF= 0.55 WR= 24% avg=   -277 ex-best=  -33,501
  DTE1     n=  85 net=  -13,315 PF= 0.75 WR= 29% avg=   -157 ex-best=  -20,371
  DTE4     n=  83 net=   -7,436 PF= 0.82 WR= 39% avg=    -90 ex-best=  -11,642
  DTE5     n=  90 net=  -18,011 PF= 0.70 WR= 30% avg=   -200 ex-best=  -22,503
  DTE6     n=  85 net=   20,491 PF= 1.36 WR= 42% avg=    241 ex-best=    2,808
  CE                       n= 215 net=  -33,829 PF= 0.74 WR= 33% avg=   -157 ex-best=  -40,885
  PE                       n= 220 net=   -9,958 PF= 0.93 WR= 33% avg=    -45 ex-best=  -27,641
 exit reasons
  candle_reversal          n= 360 net=  -20,046 PF= 0.90 WR= 35% avg=    -56 ex-best=  -27,115
  eod_square_off           n=  18 net=   36,998 PF=11.26 WR= 78% avg=  2,055 ex-best=   19,315
  stop                     n=  56 net=  -68,724 PF= 0.00 WR=  0% avg= -1,227 ex-best=  -68,478
  target                   n=   1 net=    7,985 PF=  inf WR=100% avg=  7,985 ex-best=        0

=== /home/ubuntu/backtest_engine/backend/data/historical/backtest_reports/s6_w13d/w12_pd5_b833mv50_current.csv
  trades=208 days_traded=178 net=-35,906 est-net(-130/trade)=-62,946 PF=0.76 WR=24% avgW=2,238 avgL=-935 maxDD=39,748 Calmar=-0.90 Sharpe(daily)=-1.34 t=-1.12
  ex-top-2 net=-70,184   halves: H1=-22,324 H2=-13,582
  first trade of day       n= 178 net=  -29,455 PF= 0.78 WR= 23% avg=   -165 ex-best=  -47,138
  re-entries (#2+)         n=  30 net=   -6,451 PF= 0.58 WR= 30% avg=   -215 ex-best=   -9,591
 by weekday [ALL]
  Mon      n=  42 net=  -15,516 PF= 0.53 WR= 26% avg=   -369 ex-best=  -21,606
  Tue      n=  43 net=  -15,655 PF= 0.35 WR= 12% avg=   -364 ex-best=  -18,460
  Wed      n=  37 net=   22,633 PF= 1.72 WR= 27% avg=    612 ex-best=    4,950
  Thu      n=  44 net=  -18,957 PF= 0.50 WR= 27% avg=   -431 ex-best=  -22,919
  Fri      n=  42 net=   -8,411 PF= 0.60 WR= 29% avg=   -200 ex-best=  -11,551
 by weekday [FIRST]
  Mon      n=  37 net=  -15,207 PF= 0.50 WR= 24% avg=   -411 ex-best=  -21,297
  Tue      n=  35 net=  -11,700 PF= 0.42 WR= 14% avg=   -334 ex-best=  -14,505
  Wed      n=  33 net=   26,091 PF= 1.94 WR= 27% avg=    791 ex-best=    8,408
  Thu      n=  37 net=  -15,740 PF= 0.53 WR= 24% avg=   -425 ex-best=  -19,701
  Fri      n=  36 net=  -12,899 PF= 0.38 WR= 25% avg=   -358 ex-best=  -14,651
 by DTE [ALL] (0=expiry day, 6=day after expiry)
  DTE0     n=  43 net=  -15,655 PF= 0.35 WR= 12% avg=   -364 ex-best=  -18,460
  DTE1     n=  42 net=  -15,516 PF= 0.53 WR= 26% avg=   -369 ex-best=  -21,606
  DTE4     n=  42 net=   -8,411 PF= 0.60 WR= 29% avg=   -200 ex-best=  -11,551
  DTE5     n=  44 net=  -18,957 PF= 0.50 WR= 27% avg=   -431 ex-best=  -22,919
  DTE6     n=  37 net=   22,633 PF= 1.72 WR= 27% avg=    612 ex-best=    4,950
  CE                       n= 104 net=  -29,851 PF= 0.60 WR= 20% avg=   -287 ex-best=  -46,446
  PE                       n= 104 net=   -6,055 PF= 0.92 WR= 28% avg=    -58 ex-best=  -23,738
 exit reasons
  brick_reversal           n= 159 net=  -71,227 PF= 0.42 WR= 21% avg=   -448 ex-best=  -77,318
  eod_square_off           n=  19 net=   57,691 PF=27.61 WR= 84% avg=  3,036 ex-best=   40,007
  stop                     n=  30 net=  -22,370 PF= 0.00 WR=  0% avg=   -746 ex-best=  -22,149
### exit=0 finished=2026-09-27T11:19:54Z
